Collecting Flask==3.1.3 (from -r requirements.txt (line 1))
  Using cached flask-3.1.3-py3-none-any.whl.metadata (3.2 kB)
Collecting gunicorn==26.0.0 (from -r requirements.txt (line 2))
  Using cached gunicorn-26.0.0-py3-none-any.whl.metadata (5.4 kB)
Collecting flask-cors==6.0.5 (from -r requirements.txt (line 3))
  Using cached flask_cors-6.0.5-py3-none-any.whl.metadata (5.4 kB)
Collecting requests==2.34.2 (from -r requirements.txt (line 4))
  Using cached requests-2.34.2-py3-none-any.whl.metadata (4.8 kB)
Collecting numpy==2.2.6 (from -r requirements.txt (line 5))
  Downloading numpy-2.2.6-cp312-cp312-macosx_14_0_arm64.whl.metadata (62 kB)
Collecting yfinance==1.5.2 (from -r requirements.txt (line 6))
  Using cached yfinance-1.5.2-py2.py3-none-any.whl.metadata (6.2 kB)
Collecting pandas==2.3.3 (from -r requirements.txt (line 7))
  Downloading pandas-2.3.3-cp312-cp312-macosx_11_0_arm64.whl.metadata (91 kB)
Collecting lxml==6.1.1 (from -r requirements.txt (line 8))
  Using cached lxml-6.1.1-cp312-cp312-macosx_10_13_universal2.whl.metadata (3.5 kB)
Collecting html5lib==1.1 (from -r requirements.txt (line 9))
  Using cached html5lib-1.1-py2.py3-none-any.whl.metadata (16 kB)
Collecting curl_cffi==0.16.0 (from -r requirements.txt (line 10))
  Using cached curl_cffi-0.16.0-cp310-abi3-macosx_11_0_arm64.whl.metadata (17 kB)
Collecting exchange-calendars==4.11.1 (from -r requirements.txt (line 11))
  Downloading exchange_calendars-4.11.1-py3-none-any.whl.metadata (38 kB)
Collecting blinker>=1.9.0 (from Flask==3.1.3->-r requirements.txt (line 1))
  Using cached blinker-1.9.0-py3-none-any.whl.metadata (1.6 kB)
Collecting click>=8.1.3 (from Flask==3.1.3->-r requirements.txt (line 1))
  Downloading click-8.5.0-py3-none-any.whl.metadata (2.6 kB)
Collecting itsdangerous>=2.2.0 (from Flask==3.1.3->-r requirements.txt (line 1))
  Using cached itsdangerous-2.2.0-py3-none-any.whl.metadata (1.9 kB)
Collecting jinja2>=3.1.2 (from Flask==3.1.3->-r requirements.txt (line 1))
  Using cached jinja2-3.1.6-py3-none-any.whl.metadata (2.9 kB)
Collecting markupsafe>=2.1.1 (from Flask==3.1.3->-r requirements.txt (line 1))
  Using cached markupsafe-3.0.3-cp312-cp312-macosx_11_0_arm64.whl.metadata (2.7 kB)
Collecting werkzeug>=3.1.0 (from Flask==3.1.3->-r requirements.txt (line 1))
  Downloading werkzeug-3.1.9-py3-none-any.whl.metadata (4.1 kB)
Collecting packaging (from gunicorn==26.0.0->-r requirements.txt (line 2))
  Using cached packaging-26.3-py3-none-any.whl.metadata (3.5 kB)
Collecting charset_normalizer<4,>=2 (from requests==2.34.2->-r requirements.txt (line 4))
  Downloading charset_normalizer-3.5.2-cp312-cp312-macosx_10_13_universal2.whl.metadata (46 kB)
Collecting idna<4,>=2.5 (from requests==2.34.2->-r requirements.txt (line 4))
  Downloading idna-3.20-py3-none-any.whl.metadata (7.2 kB)
Collecting urllib3<3,>=1.26 (from requests==2.34.2->-r requirements.txt (line 4))
  Downloading urllib3-2.8.0-py3-none-any.whl.metadata (7.4 kB)
Collecting certifi>=2023.5.7 (from requests==2.34.2->-r requirements.txt (line 4))
  Using cached certifi-2026.7.22-py3-none-any.whl.metadata (2.5 kB)
Collecting multitasking>=0.0.7 (from yfinance==1.5.2->-r requirements.txt (line 6))
  Using cached multitasking-0.0.13-py3-none-any.whl.metadata (16 kB)
Collecting platformdirs>=2.0.0 (from yfinance==1.5.2->-r requirements.txt (line 6))
  Downloading platformdirs-4.12.2-py3-none-any.whl.metadata (5.5 kB)
Collecting pytz>=2022.5 (from yfinance==1.5.2->-r requirements.txt (line 6))
  Downloading pytz-2026.4-py2.py3-none-any.whl.metadata (22 kB)
Collecting peewee>=3.16.2 (from yfinance==1.5.2->-r requirements.txt (line 6))
  Downloading peewee-4.5.2-py3-none-any.whl.metadata (10 kB)
Collecting beautifulsoup4>=4.11.1 (from yfinance==1.5.2->-r requirements.txt (line 6))
  Using cached beautifulsoup4-4.15.0-py3-none-any.whl.metadata (3.8 kB)
Collecting protobuf>=3.19.0 (from yfinance==1.5.2->-r requirements.txt (line 6))
  Downloading protobuf-7.36.2-cp310-abi3-macosx_10_9_universal2.whl.metadata (595 bytes)
Collecting websockets>=13.0 (from yfinance==1.5.2->-r requirements.txt (line 6))
  Downloading websockets-17.1-cp312-cp312-macosx_11_0_arm64.whl.metadata (6.3 kB)
Collecting python-dateutil>=2.8.2 (from pandas==2.3.3->-r requirements.txt (line 7))
  Using cached python_dateutil-2.9.0.post0-py2.py3-none-any.whl.metadata (8.4 kB)
Collecting tzdata>=2022.7 (from pandas==2.3.3->-r requirements.txt (line 7))
  Downloading tzdata-2026.4-py2.py3-none-any.whl.metadata (1.4 kB)
Collecting six>=1.9 (from html5lib==1.1->-r requirements.txt (line 9))
  Using cached six-1.17.0-py2.py3-none-any.whl.metadata (1.7 kB)
Collecting webencodings (from html5lib==1.1->-r requirements.txt (line 9))
  Using cached webencodings-0.6.1-py3-none-any.whl.metadata (3.4 kB)
Collecting cffi>=2.0.0 (from curl_cffi==0.16.0->-r requirements.txt (line 10))
  Using cached cffi-2.1.1-cp312-cp312-macosx_11_0_arm64.whl.metadata (2.5 kB)
Collecting pyluach (from exchange-calendars==4.11.1->-r requirements.txt (line 11))
  Downloading pyluach-2.3.0-py3-none-any.whl.metadata (4.3 kB)
Collecting toolz (from exchange-calendars==4.11.1->-r requirements.txt (line 11))
  Downloading toolz-1.1.0-py3-none-any.whl.metadata (5.1 kB)
Collecting korean_lunar_calendar (from exchange-calendars==4.11.1->-r requirements.txt (line 11))
  Downloading korean_lunar_calendar-0.4.0-py3-none-any.whl.metadata (6.6 kB)
Collecting soupsieve>=1.6.1 (from beautifulsoup4>=4.11.1->yfinance==1.5.2->-r requirements.txt (line 6))
  Downloading soupsieve-2.10-py3-none-any.whl.metadata (4.4 kB)
Collecting typing-extensions>=4.0.0 (from beautifulsoup4>=4.11.1->yfinance==1.5.2->-r requirements.txt (line 6))
  Using cached typing_extensions-4.16.0-py3-none-any.whl.metadata (3.3 kB)
Collecting pycparser (from cffi>=2.0.0->curl_cffi==0.16.0->-r requirements.txt (line 10))
  Using cached pycparser-3.0-py3-none-any.whl.metadata (8.2 kB)
Using cached flask-3.1.3-py3-none-any.whl (103 kB)
Using cached gunicorn-26.0.0-py3-none-any.whl (212 kB)
Using cached flask_cors-6.0.5-py3-none-any.whl (16 kB)
Using cached requests-2.34.2-py3-none-any.whl (73 kB)
Downloading numpy-2.2.6-cp312-cp312-macosx_14_0_arm64.whl (5.1 MB)
   ━━━━━━━━━━━━━━━━━━━━━━━━━━━━━━━━━━━━━━━━ 5.1/5.1 MB 38.2 MB/s eta 0:00:00
Using cached yfinance-1.5.2-py2.py3-none-any.whl (144 kB)
Downloading pandas-2.3.3-cp312-cp312-macosx_11_0_arm64.whl (10.7 MB)
   ━━━━━━━━━━━━━━━━━━━━━━━━━━━━━━━━━━━━━━━━ 10.7/10.7 MB 52.5 MB/s eta 0:00:00
Using cached lxml-6.1.1-cp312-cp312-macosx_10_13_universal2.whl (8.6 MB)
Using cached html5lib-1.1-py2.py3-none-any.whl (112 kB)
Using cached curl_cffi-0.16.0-cp310-abi3-macosx_11_0_arm64.whl (2.8 MB)
Downloading exchange_calendars-4.11.1-py3-none-any.whl (208 kB)
Using cached beautifulsoup4-4.15.0-py3-none-any.whl (109 kB)
Using cached blinker-1.9.0-py3-none-any.whl (8.5 kB)
Using cached certifi-2026.7.22-py3-none-any.whl (136 kB)
Using cached cffi-2.1.1-cp312-cp312-macosx_11_0_arm64.whl (184 kB)
Downloading charset_normalizer-3.5.2-cp312-cp312-macosx_10_13_universal2.whl (367 kB)
Downloading click-8.5.0-py3-none-any.whl (125 kB)
Downloading idna-3.20-py3-none-any.whl (69 kB)
Using cached itsdangerous-2.2.0-py3-none-any.whl (16 kB)
Using cached jinja2-3.1.6-py3-none-any.whl (134 kB)
Using cached markupsafe-3.0.3-cp312-cp312-macosx_11_0_arm64.whl (12 kB)
Using cached multitasking-0.0.13-py3-none-any.whl (16 kB)
Downloading peewee-4.5.2-py3-none-any.whl (194 kB)
Downloading platformdirs-4.12.2-py3-none-any.whl (32 kB)
Downloading protobuf-7.36.2-cp310-abi3-macosx_10_9_universal2.whl (456 kB)
Using cached python_dateutil-2.9.0.post0-py2.py3-none-any.whl (229 kB)
Downloading pytz-2026.4-py2.py3-none-any.whl (506 kB)
Using cached six-1.17.0-py2.py3-none-any.whl (11 kB)
Downloading tzdata-2026.4-py2.py3-none-any.whl (347 kB)
Downloading urllib3-2.8.0-py3-none-any.whl (135 kB)
Downloading websockets-17.1-cp312-cp312-macosx_11_0_arm64.whl (214 kB)
Downloading werkzeug-3.1.9-py3-none-any.whl (228 kB)
Downloading korean_lunar_calendar-0.4.0-py3-none-any.whl (11 kB)
Using cached packaging-26.3-py3-none-any.whl (129 kB)
Downloading pyluach-2.3.0-py3-none-any.whl (25 kB)
Downloading toolz-1.1.0-py3-none-any.whl (58 kB)
Using cached webencodings-0.6.1-py3-none-any.whl (8.7 kB)
Downloading soupsieve-2.10-py3-none-any.whl (38 kB)
Using cached typing_extensions-4.16.0-py3-none-any.whl (45 kB)
Using cached pycparser-3.0-py3-none-any.whl (48 kB)
Installing collected packages: pytz, multitasking, websockets, webencodings, urllib3, tzdata, typing-extensions, toolz, soupsieve, six, pyluach, pycparser, protobuf, platformdirs, peewee, packaging, numpy, markupsafe, lxml, korean_lunar_calendar, itsdangerous, idna, click, charset_normalizer, certifi, blinker, werkzeug, requests, python-dateutil, jinja2, html5lib, gunicorn, cffi, beautifulsoup4, pandas, Flask, curl_cffi, yfinance, flask-cors, exchange-calendars
Successfully installed Flask-3.1.3 beautifulsoup4-4.15.0 blinker-1.9.0 certifi-2026.7.22 cffi-2.1.1 charset_normalizer-3.5.2 click-8.5.0 curl_cffi-0.16.0 exchange-calendars-4.11.1 flask-cors-6.0.5 gunicorn-26.0.0 html5lib-1.1 idna-3.20 itsdangerous-2.2.0 jinja2-3.1.6 korean_lunar_calendar-0.4.0 lxml-6.1.1 markupsafe-3.0.3 multitasking-0.0.13 numpy-2.2.6 packaging-26.3 pandas-2.3.3 peewee-4.5.2 platformdirs-4.12.2 protobuf-7.36.2 pycparser-3.0 pyluach-2.3.0 python-dateutil-2.9.0.post0 pytz-2026.4 requests-2.34.2 six-1.17.0 soupsieve-2.10 toolz-1.1.0 typing-extensions-4.16.0 tzdata-2026.4 urllib3-2.8.0 webencodings-0.6.1 websockets-17.1 werkzeug-3.1.9 yfinance-1.5.2

[notice] A new release of pip is available: 25.0.1 -> 26.2.1
[notice] To update, run: /private/tmp/stock-dashboard-final-venv/bin/python3 -m pip install --upgrade pip
