{
  "generatedAt": "2026-10-02T04:26:52.847Z",
  "cacheOnly": true,
  "watchlist": [
    "NVDA",
    "AMD",
    "BABA",
    "GOOGL",
    "AMZN",
    "AAPL",
    "CRCL",
    "MPT",
    "META",
    "MSFT",
    "NFLX",
    "PLTR",
    "NOW",
    "SOFI",
    "XE",
    "ZETA",
    "SPCX",
    "MU",
    "ORCL",
    "TEM",
    "GEV",
    "TQQQ",
    "SPMO",
    "SOXL",
    "QQQ",
    "UNH",
    "TSLA",
    "PDD",
    "TSM"
  ],
  "records": {
    "NVDA": {
      "status": "available",
      "price": 230.86,
      "horizons": {
        "short": {
          "horizon": "short",
          "status": "available",
          "sourceTimeframe": "4h",
          "lookbackBars": 80,
          "sourceBarCount": 80,
          "pivotHighCount": 5,
          "pivotLowCount": 7,
          "swingHigh": 233.2100067138672,
          "swingHighDate": "2026-09-28",
          "swingLow": 207.3699951171875,
          "swingLowDate": "2026-08-24",
          "swingDirection": "up_swing",
          "fallbackUsed": false,
          "fallbackReason": null,
          "sourceObjectId": "fib:short_term:4h:86a892b8-80",
          "sourceBarHash": "86a892b8-80",
          "derivationId": "fib:short_term:4h:80:86a892b8-80",
          "anchors": "2026-08-24|207.37|2026-09-28|233.21|up_swing"
        },
        "mid": {
          "horizon": "mid",
          "status": "available",
          "sourceTimeframe": "1d",
          "lookbackBars": 100,
          "sourceBarCount": 100,
          "pivotHighCount": 7,
          "pivotLowCount": 9,
          "swingHigh": 232.27999877929688,
          "swingHighDate": "2026-06-02",
          "swingLow": 208.92999267578125,
          "swingLowDate": "2026-09-14",
          "swingDirection": "down_swing",
          "fallbackUsed": false,
          "fallbackReason": null,
          "sourceObjectId": "fib:mid_term:1d:224c6a8f-100",
          "sourceBarHash": "224c6a8f-100",
          "derivationId": "fib:mid_term:1d:100:224c6a8f-100",
          "anchors": "2026-09-14|208.93|2026-06-02|232.28|down_swing"
        },
        "long": {
          "horizon": "long",
          "status": "available",
          "sourceTimeframe": "1w",
          "lookbackBars": 104,
          "sourceBarCount": 104,
          "pivotHighCount": 14,
          "pivotLowCount": 15,
          "swingHigh": 234.75999450683594,
          "swingHighDate": "2026-09-04",
          "swingLow": 86.62000274658203,
          "swingLowDate": "2025-04-11",
          "swingDirection": "up_swing",
          "fallbackUsed": false,
          "fallbackReason": null,
          "sourceObjectId": "fib:long_term:1w:fd15a1f4-104",
          "sourceBarHash": "fd15a1f4-104",
          "derivationId": "fib:long_term:1w:104:fd15a1f4-104",
          "anchors": "2025-04-11|86.62|2026-09-04|234.76|up_swing"
        }
      },
      "duplicate": {
        "sameShortMid": false,
        "sameMidLong": false,
        "sameAll": false,
        "independentlyDerived": true,
        "sharedObject": false,
        "sameAnchorsExplanation": null
      }
    },
    "AMD": {
      "status": "available",
      "price": 615.73,
      "horizons": {
        "short": {
          "horizon": "short",
          "status": "available",
          "sourceTimeframe": "4h",
          "lookbackBars": 80,
          "sourceBarCount": 80,
          "pivotHighCount": 5,
          "pivotLowCount": 9,
          "swingHigh": 638.9500122070312,
          "swingHighDate": "2026-09-25",
          "swingLow": 440.5,
          "swingLowDate": "2026-09-03",
          "swingDirection": "up_swing",
          "fallbackUsed": false,
          "fallbackReason": null,
          "sourceObjectId": "fib:short_term:4h:9ac4700-80",
          "sourceBarHash": "9ac4700-80",
          "derivationId": "fib:short_term:4h:80:9ac4700-80",
          "anchors": "2026-09-03|440.5|2026-09-25|638.95|up_swing"
        },
        "mid": {
          "horizon": "mid",
          "status": "available",
          "sourceTimeframe": "1d",
          "lookbackBars": 100,
          "sourceBarCount": 100,
          "pivotHighCount": 10,
          "pivotLowCount": 10,
          "swingHigh": 639,
          "swingHighDate": "2026-09-25",
          "swingLow": 393.3599853515625,
          "swingLowDate": "2026-05-19",
          "swingDirection": "up_swing",
          "fallbackUsed": false,
          "fallbackReason": null,
          "sourceObjectId": "fib:mid_term:1d:1ce0531d-100",
          "sourceBarHash": "1ce0531d-100",
          "derivationId": "fib:mid_term:1d:100:1ce0531d-100",
          "anchors": "2026-05-19|393.36|2026-09-25|639|up_swing"
        },
        "long": {
          "horizon": "long",
          "status": "available",
          "sourceTimeframe": "1w",
          "lookbackBars": 104,
          "sourceBarCount": 104,
          "pivotHighCount": 9,
          "pivotLowCount": 13,
          "swingHigh": 584.72998046875,
          "swingHighDate": "2026-07-02",
          "swingLow": 440.5,
          "swingLowDate": "2026-09-04",
          "swingDirection": "down_swing",
          "fallbackUsed": false,
          "fallbackReason": null,
          "sourceObjectId": "fib:long_term:1w:3508efe6-104",
          "sourceBarHash": "3508efe6-104",
          "derivationId": "fib:long_term:1w:104:3508efe6-104",
          "anchors": "2026-09-04|440.5|2026-07-02|584.73|down_swing"
        }
      },
      "duplicate": {
        "sameShortMid": false,
        "sameMidLong": false,
        "sameAll": false,
        "independentlyDerived": true,
        "sharedObject": false,
        "sameAnchorsExplanation": null
      }
    },
    "BABA": {
      "status": "available",
      "price": 107.45,
      "horizons": {
        "short": {
          "horizon": "short",
          "status": "available",
          "sourceTimeframe": "4h",
          "lookbackBars": 80,
          "sourceBarCount": 80,
          "pivotHighCount": 7,
          "pivotLowCount": 8,
          "swingHigh": 132.57000732421875,
          "swingHighDate": "2026-08-10",
          "swingLow": 107.4000015258789,
          "swingLowDate": "2026-09-29",
          "swingDirection": "down_swing",
          "fallbackUsed": false,
          "fallbackReason": null,
          "sourceObjectId": "fib:short_term:4h:2f5b31d1-80",
          "sourceBarHash": "2f5b31d1-80",
          "derivationId": "fib:short_term:4h:80:2f5b31d1-80",
          "anchors": "2026-09-29|107.4|2026-08-10|132.57|down_swing"
        },
        "mid": {
          "horizon": "mid",
          "status": "available",
          "sourceTimeframe": "1d",
          "lookbackBars": 100,
          "sourceBarCount": 100,
          "pivotHighCount": 5,
          "pivotLowCount": 5,
          "swingHigh": 120.4000015258789,
          "swingHighDate": "2026-09-22",
          "swingLow": 91.98999786376953,
          "swingLowDate": "2026-06-26",
          "swingDirection": "up_swing",
          "fallbackUsed": false,
          "fallbackReason": null,
          "sourceObjectId": "fib:mid_term:1d:530ee3ef-100",
          "sourceBarHash": "530ee3ef-100",
          "derivationId": "fib:mid_term:1d:100:530ee3ef-100",
          "anchors": "2026-06-26|91.99|2026-09-22|120.4|up_swing"
        },
        "long": {
          "horizon": "long",
          "status": "available",
          "sourceTimeframe": "1w",
          "lookbackBars": 104,
          "sourceBarCount": 104,
          "pivotHighCount": 11,
          "pivotLowCount": 11,
          "swingHigh": 132.57000732421875,
          "swingHighDate": "2026-08-14",
          "swingLow": 80.05999755859375,
          "swingLowDate": "2025-01-17",
          "swingDirection": "up_swing",
          "fallbackUsed": false,
          "fallbackReason": null,
          "sourceObjectId": "fib:long_term:1w:c588426-104",
          "sourceBarHash": "c588426-104",
          "derivationId": "fib:long_term:1w:104:c588426-104",
          "anchors": "2025-01-17|80.06|2026-08-14|132.57|up_swing"
        }
      },
      "duplicate": {
        "sameShortMid": false,
        "sameMidLong": false,
        "sameAll": false,
        "independentlyDerived": true,
        "sharedObject": false,
        "sameAnchorsExplanation": null
      }
    },
    "GOOGL": {
      "status": "available",
      "price": 338.24,
      "horizons": {
        "short": {
          "horizon": "short",
          "status": "available",
          "sourceTimeframe": "4h",
          "lookbackBars": 80,
          "sourceBarCount": 80,
          "pivotHighCount": 9,
          "pivotLowCount": 9,
          "swingHigh": 364.1700134277344,
          "swingHighDate": "2026-09-22",
          "swingLow": 338.0199890136719,
          "swingLowDate": "2026-09-29",
          "swingDirection": "down_swing",
          "fallbackUsed": false,
          "fallbackReason": null,
          "sourceObjectId": "fib:short_term:4h:9026fedc-80",
          "sourceBarHash": "9026fedc-80",
          "derivationId": "fib:short_term:4h:80:9026fedc-80",
          "anchors": "2026-09-29|338.02|2026-09-22|364.17|down_swing"
        },
        "mid": {
          "horizon": "mid",
          "status": "available",
          "sourceTimeframe": "1d",
          "lookbackBars": 100,
          "sourceBarCount": 100,
          "pivotHighCount": 8,
          "pivotLowCount": 7,
          "swingHigh": 408.6099853515625,
          "swingHighDate": "2026-05-18",
          "swingLow": 336.0199890136719,
          "swingLowDate": "2026-09-24",
          "swingDirection": "down_swing",
          "fallbackUsed": false,
          "fallbackReason": null,
          "sourceObjectId": "fib:mid_term:1d:6cc988f6-100",
          "sourceBarHash": "6cc988f6-100",
          "derivationId": "fib:mid_term:1d:100:6cc988f6-100",
          "anchors": "2026-09-24|336.02|2026-05-18|408.61|down_swing"
        },
        "long": {
          "horizon": "long",
          "status": "available",
          "sourceTimeframe": "1w",
          "lookbackBars": 104,
          "sourceBarCount": 104,
          "pivotHighCount": 14,
          "pivotLowCount": 10,
          "swingHigh": 408.6099853515625,
          "swingHighDate": "2026-05-22",
          "swingLow": 327.739990234375,
          "swingLowDate": "2026-09-11",
          "swingDirection": "down_swing",
          "fallbackUsed": false,
          "fallbackReason": null,
          "sourceObjectId": "fib:long_term:1w:10ba6dc7-104",
          "sourceBarHash": "10ba6dc7-104",
          "derivationId": "fib:long_term:1w:104:10ba6dc7-104",
          "anchors": "2026-09-11|327.74|2026-05-22|408.61|down_swing"
        }
      },
      "duplicate": {
        "sameShortMid": false,
        "sameMidLong": false,
        "sameAll": false,
        "independentlyDerived": true,
        "sharedObject": false,
        "sameAnchorsExplanation": null
      }
    },
    "AMZN": {
      "status": "available",
      "price": 248.23,
      "horizons": {
        "short": {
          "horizon": "short",
          "status": "available",
          "sourceTimeframe": "4h",
          "lookbackBars": 80,
          "sourceBarCount": 80,
          "pivotHighCount": 9,
          "pivotLowCount": 8,
          "swingHigh": 280.1400146484375,
          "swingHighDate": "2026-08-10",
          "swingLow": 244.72500610351562,
          "swingLowDate": "2026-09-28",
          "swingDirection": "down_swing",
          "fallbackUsed": false,
          "fallbackReason": null,
          "sourceObjectId": "fib:short_term:4h:4d82c8f4-80",
          "sourceBarHash": "4d82c8f4-80",
          "derivationId": "fib:short_term:4h:80:4d82c8f4-80",
          "anchors": "2026-09-28|244.725|2026-08-10|280.14|down_swing"
        },
        "mid": {
          "horizon": "mid",
          "status": "available",
          "sourceTimeframe": "1d",
          "lookbackBars": 100,
          "sourceBarCount": 100,
          "pivotHighCount": 7,
          "pivotLowCount": 7,
          "swingHigh": 259.489990234375,
          "swingHighDate": "2026-09-21",
          "swingLow": 225.5500030517578,
          "swingLowDate": "2026-06-25",
          "swingDirection": "up_swing",
          "fallbackUsed": false,
          "fallbackReason": null,
          "sourceObjectId": "fib:mid_term:1d:ef5b02ea-100",
          "sourceBarHash": "ef5b02ea-100",
          "derivationId": "fib:mid_term:1d:100:ef5b02ea-100",
          "anchors": "2026-06-25|225.55|2026-09-21|259.49|up_swing"
        },
        "long": {
          "horizon": "long",
          "status": "available",
          "sourceTimeframe": "1w",
          "lookbackBars": 104,
          "sourceBarCount": 104,
          "pivotHighCount": 14,
          "pivotLowCount": 11,
          "swingHigh": 287.20001220703125,
          "swingHighDate": "2026-08-07",
          "swingLow": 161.3800048828125,
          "swingLowDate": "2025-04-11",
          "swingDirection": "up_swing",
          "fallbackUsed": false,
          "fallbackReason": null,
          "sourceObjectId": "fib:long_term:1w:d7b77af3-104",
          "sourceBarHash": "d7b77af3-104",
          "derivationId": "fib:long_term:1w:104:d7b77af3-104",
          "anchors": "2025-04-11|161.38|2026-08-07|287.2|up_swing"
        }
      },
      "duplicate": {
        "sameShortMid": false,
        "sameMidLong": false,
        "sameAll": false,
        "independentlyDerived": true,
        "sharedObject": false,
        "sameAnchorsExplanation": null
      }
    },
    "AAPL": {
      "status": "available",
      "price": 330.32,
      "horizons": {
        "short": {
          "horizon": "short",
          "status": "available",
          "sourceTimeframe": "4h",
          "lookbackBars": 80,
          "sourceBarCount": 80,
          "pivotHighCount": 6,
          "pivotLowCount": 7,
          "swingHigh": 342.9880065917969,
          "swingHighDate": "2026-09-28",
          "swingLow": 300.57000732421875,
          "swingLowDate": "2026-08-12",
          "swingDirection": "up_swing",
          "fallbackUsed": false,
          "fallbackReason": null,
          "sourceObjectId": "fib:short_term:4h:13d146c4-80",
          "sourceBarHash": "13d146c4-80",
          "derivationId": "fib:short_term:4h:80:13d146c4-80",
          "anchors": "2026-08-12|300.57|2026-09-28|342.988|up_swing"
        },
        "mid": {
          "horizon": "mid",
          "status": "available",
          "sourceTimeframe": "1d",
          "lookbackBars": 100,
          "sourceBarCount": 100,
          "pivotHighCount": 8,
          "pivotLowCount": 7,
          "swingHigh": 345.3399963378906,
          "swingHighDate": "2026-09-22",
          "swingLow": 273.75,
          "swingLowDate": "2026-06-25",
          "swingDirection": "up_swing",
          "fallbackUsed": false,
          "fallbackReason": null,
          "sourceObjectId": "fib:mid_term:1d:6dc591e1-100",
          "sourceBarHash": "6dc591e1-100",
          "derivationId": "fib:mid_term:1d:100:6dc591e1-100",
          "anchors": "2026-06-25|273.75|2026-09-22|345.34|up_swing"
        },
        "long": {
          "horizon": "long",
          "status": "available",
          "sourceTimeframe": "1w",
          "lookbackBars": 104,
          "sourceBarCount": 104,
          "pivotHighCount": 14,
          "pivotLowCount": 13,
          "swingHigh": 344.57000732421875,
          "swingHighDate": "2026-07-31",
          "swingLow": 169.2100067138672,
          "swingLowDate": "2025-04-11",
          "swingDirection": "up_swing",
          "fallbackUsed": false,
          "fallbackReason": null,
          "sourceObjectId": "fib:long_term:1w:6a56b6bf-104",
          "sourceBarHash": "6a56b6bf-104",
          "derivationId": "fib:long_term:1w:104:6a56b6bf-104",
          "anchors": "2025-04-11|169.21|2026-07-31|344.57|up_swing"
        }
      },
      "duplicate": {
        "sameShortMid": false,
        "sameMidLong": false,
        "sameAll": false,
        "independentlyDerived": true,
        "sharedObject": false,
        "sameAnchorsExplanation": null
      }
    },
    "CRCL": {
      "status": "available",
      "price": 82.91,
      "horizons": {
        "short": {
          "horizon": "short",
          "status": "available",
          "sourceTimeframe": "4h",
          "lookbackBars": 80,
          "sourceBarCount": 80,
          "pivotHighCount": 8,
          "pivotLowCount": 6,
          "swingHigh": 99.97000122070312,
          "swingHighDate": "2026-09-21",
          "swingLow": 70.72650146484375,
          "swingLowDate": "2026-08-17",
          "swingDirection": "up_swing",
          "fallbackUsed": false,
          "fallbackReason": null,
          "sourceObjectId": "fib:short_term:4h:bf56c48f-80",
          "sourceBarHash": "bf56c48f-80",
          "derivationId": "fib:short_term:4h:80:bf56c48f-80",
          "anchors": "2026-08-17|70.7265|2026-09-21|99.97|up_swing"
        },
        "mid": {
          "horizon": "mid",
          "status": "available",
          "sourceTimeframe": "1d",
          "lookbackBars": 100,
          "sourceBarCount": 100,
          "pivotHighCount": 5,
          "pivotLowCount": 7,
          "swingHigh": 99.97000122070312,
          "swingHighDate": "2026-09-21",
          "swingLow": 57.84000015258789,
          "swingLowDate": "2026-08-03",
          "swingDirection": "up_swing",
          "fallbackUsed": false,
          "fallbackReason": null,
          "sourceObjectId": "fib:mid_term:1d:15441880-100",
          "sourceBarHash": "15441880-100",
          "derivationId": "fib:mid_term:1d:100:15441880-100",
          "anchors": "2026-08-03|57.84|2026-09-21|99.97|up_swing"
        },
        "long": {
          "horizon": "long",
          "status": "available",
          "sourceTimeframe": "1w",
          "lookbackBars": 104,
          "sourceBarCount": 68,
          "pivotHighCount": 10,
          "pivotLowCount": 6,
          "swingHigh": 103.27999877929688,
          "swingHighDate": "2026-09-04",
          "swingLow": 49.900001525878906,
          "swingLowDate": "2026-02-06",
          "swingDirection": "up_swing",
          "fallbackUsed": false,
          "fallbackReason": null,
          "sourceObjectId": "fib:long_term:1w:ae5e9a26-68",
          "sourceBarHash": "ae5e9a26-68",
          "derivationId": "fib:long_term:1w:104:ae5e9a26-68",
          "anchors": "2026-02-06|49.9|2026-09-04|103.28|up_swing"
        }
      },
      "duplicate": {
        "sameShortMid": false,
        "sameMidLong": false,
        "sameAll": false,
        "independentlyDerived": true,
        "sharedObject": false,
        "sameAnchorsExplanation": null
      }
    },
    "MPT": {
      "status": "available",
      "price": 3.37,
      "horizons": {
        "short": {
          "horizon": "short",
          "status": "available",
          "sourceTimeframe": "4h",
          "lookbackBars": 80,
          "sourceBarCount": 80,
          "pivotHighCount": 7,
          "pivotLowCount": 7,
          "swingHigh": 3.5999999046325684,
          "swingHighDate": "2026-09-29",
          "swingLow": 3.359999895095825,
          "swingLowDate": "2026-09-18",
          "swingDirection": "up_swing",
          "fallbackUsed": false,
          "fallbackReason": null,
          "sourceObjectId": "fib:short_term:4h:d1f4539c-80",
          "sourceBarHash": "d1f4539c-80",
          "derivationId": "fib:short_term:4h:80:d1f4539c-80",
          "anchors": "2026-09-18|3.36|2026-09-29|3.6|up_swing"
        },
        "mid": {
          "horizon": "mid",
          "status": "available",
          "sourceTimeframe": "1d",
          "lookbackBars": 100,
          "sourceBarCount": 100,
          "pivotHighCount": 4,
          "pivotLowCount": 7,
          "swingHigh": 5.28000020980835,
          "swingHighDate": "2026-05-27",
          "swingLow": 3.359999895095825,
          "swingLowDate": "2026-09-18",
          "swingDirection": "down_swing",
          "fallbackUsed": false,
          "fallbackReason": null,
          "sourceObjectId": "fib:mid_term:1d:908e55d7-100",
          "sourceBarHash": "908e55d7-100",
          "derivationId": "fib:mid_term:1d:100:908e55d7-100",
          "anchors": "2026-09-18|3.36|2026-05-27|5.28|down_swing"
        },
        "long": {
          "horizon": "long",
          "status": "available",
          "sourceTimeframe": "1w",
          "lookbackBars": 104,
          "sourceBarCount": 104,
          "pivotHighCount": 9,
          "pivotLowCount": 10,
          "swingHigh": 6.46999979019165,
          "swingHighDate": "2026-02-20",
          "swingLow": 4.289999961853027,
          "swingLowDate": "2026-06-26",
          "swingDirection": "down_swing",
          "fallbackUsed": false,
          "fallbackReason": null,
          "sourceObjectId": "fib:long_term:1w:1b0f3d12-104",
          "sourceBarHash": "1b0f3d12-104",
          "derivationId": "fib:long_term:1w:104:1b0f3d12-104",
          "anchors": "2026-06-26|4.29|2026-02-20|6.47|down_swing"
        }
      },
      "duplicate": {
        "sameShortMid": false,
        "sameMidLong": false,
        "sameAll": false,
        "independentlyDerived": true,
        "sharedObject": false,
        "sameAnchorsExplanation": null
      }
    },
    "META": {
      "status": "available",
      "price": 725.93,
      "horizons": {
        "short": {
          "horizon": "short",
          "status": "available",
          "sourceTimeframe": "4h",
          "lookbackBars": 80,
          "sourceBarCount": 80,
          "pivotHighCount": 7,
          "pivotLowCount": 5,
          "swingHigh": 779.8192138671875,
          "swingHighDate": "2026-09-24",
          "swingLow": 537.280029296875,
          "swingLowDate": "2026-08-19",
          "swingDirection": "up_swing",
          "fallbackUsed": false,
          "fallbackReason": null,
          "sourceObjectId": "fib:short_term:4h:f535de2a-80",
          "sourceBarHash": "f535de2a-80",
          "derivationId": "fib:short_term:4h:80:f535de2a-80",
          "anchors": "2026-08-19|537.28|2026-09-24|779.8192|up_swing"
        },
        "mid": {
          "horizon": "mid",
          "status": "available",
          "sourceTimeframe": "1d",
          "lookbackBars": 100,
          "sourceBarCount": 100,
          "pivotHighCount": 8,
          "pivotLowCount": 7,
          "swingHigh": 779.8200073242188,
          "swingHighDate": "2026-09-24",
          "swingLow": 524.489990234375,
          "swingLowDate": "2026-07-30",
          "swingDirection": "up_swing",
          "fallbackUsed": false,
          "fallbackReason": null,
          "sourceObjectId": "fib:mid_term:1d:13111ec7-100",
          "sourceBarHash": "13111ec7-100",
          "derivationId": "fib:mid_term:1d:100:13111ec7-100",
          "anchors": "2026-07-30|524.49|2026-09-24|779.82|up_swing"
        },
        "long": {
          "horizon": "long",
          "status": "available",
          "sourceTimeframe": "1w",
          "lookbackBars": 104,
          "sourceBarCount": 104,
          "pivotHighCount": 16,
          "pivotLowCount": 13,
          "swingHigh": 796.25,
          "swingHighDate": "2025-08-15",
          "swingLow": 537.27001953125,
          "swingLowDate": "2026-08-21",
          "swingDirection": "down_swing",
          "fallbackUsed": false,
          "fallbackReason": null,
          "sourceObjectId": "fib:long_term:1w:4e062b88-104",
          "sourceBarHash": "4e062b88-104",
          "derivationId": "fib:long_term:1w:104:4e062b88-104",
          "anchors": "2026-08-21|537.27|2025-08-15|796.25|down_swing"
        }
      },
      "duplicate": {
        "sameShortMid": false,
        "sameMidLong": false,
        "sameAll": false,
        "independentlyDerived": true,
        "sharedObject": false,
        "sameAnchorsExplanation": null
      }
    },
    "MSFT": {
      "status": "available",
      "price": 512.8,
      "horizons": {
        "short": {
          "horizon": "short",
          "status": "available",
          "sourceTimeframe": "4h",
          "lookbackBars": 80,
          "sourceBarCount": 80,
          "pivotHighCount": 8,
          "pivotLowCount": 7,
          "swingHigh": 519.4000244140625,
          "swingHighDate": "2026-09-25",
          "swingLow": 477.1505126953125,
          "swingLowDate": "2026-08-18",
          "swingDirection": "up_swing",
          "fallbackUsed": false,
          "fallbackReason": null,
          "sourceObjectId": "fib:short_term:4h:459470f5-80",
          "sourceBarHash": "459470f5-80",
          "derivationId": "fib:short_term:4h:80:459470f5-80",
          "anchors": "2026-08-18|477.1505|2026-09-25|519.4|up_swing"
        },
        "mid": {
          "horizon": "mid",
          "status": "available",
          "sourceTimeframe": "1d",
          "lookbackBars": 100,
          "sourceBarCount": 100,
          "pivotHighCount": 7,
          "pivotLowCount": 6,
          "swingHigh": 509.95001220703125,
          "swingHighDate": "2026-09-14",
          "swingLow": 349.20001220703125,
          "swingLowDate": "2026-06-25",
          "swingDirection": "up_swing",
          "fallbackUsed": false,
          "fallbackReason": null,
          "sourceObjectId": "fib:mid_term:1d:83c02be7-100",
          "sourceBarHash": "83c02be7-100",
          "derivationId": "fib:mid_term:1d:100:83c02be7-100",
          "anchors": "2026-06-25|349.2|2026-09-14|509.95|up_swing"
        },
        "long": {
          "horizon": "long",
          "status": "available",
          "sourceTimeframe": "1w",
          "lookbackBars": 104,
          "sourceBarCount": 104,
          "pivotHighCount": 14,
          "pivotLowCount": 11,
          "swingHigh": 517.780029296875,
          "swingHighDate": "2026-08-28",
          "swingLow": 344.7900085449219,
          "swingLowDate": "2025-04-11",
          "swingDirection": "up_swing",
          "fallbackUsed": false,
          "fallbackReason": null,
          "sourceObjectId": "fib:long_term:1w:e175cc51-104",
          "sourceBarHash": "e175cc51-104",
          "derivationId": "fib:long_term:1w:104:e175cc51-104",
          "anchors": "2025-04-11|344.79|2026-08-28|517.78|up_swing"
        }
      },
      "duplicate": {
        "sameShortMid": false,
        "sameMidLong": false,
        "sameAll": false,
        "independentlyDerived": true,
        "sharedObject": false,
        "sameAnchorsExplanation": null
      }
    },
    "NFLX": {
      "status": "available",
      "price": 67.85,
      "horizons": {
        "short": {
          "horizon": "short",
          "status": "available",
          "sourceTimeframe": "4h",
          "lookbackBars": 80,
          "sourceBarCount": 80,
          "pivotHighCount": 8,
          "pivotLowCount": 9,
          "swingHigh": 83.5999984741211,
          "swingHighDate": "2026-09-03",
          "swingLow": 68.87999725341797,
          "swingLowDate": "2026-09-28",
          "swingDirection": "down_swing",
          "fallbackUsed": false,
          "fallbackReason": null,
          "sourceObjectId": "fib:short_term:4h:1ab3fc21-80",
          "sourceBarHash": "1ab3fc21-80",
          "derivationId": "fib:short_term:4h:80:1ab3fc21-80",
          "anchors": "2026-09-28|68.88|2026-09-03|83.6|down_swing"
        },
        "mid": {
          "horizon": "mid",
          "status": "available",
          "sourceTimeframe": "1d",
          "lookbackBars": 100,
          "sourceBarCount": 100,
          "pivotHighCount": 5,
          "pivotLowCount": 4,
          "swingHigh": 91.4800033569336,
          "swingHighDate": "2026-05-19",
          "swingLow": 70.11000061035156,
          "swingLowDate": "2026-09-18",
          "swingDirection": "down_swing",
          "fallbackUsed": false,
          "fallbackReason": null,
          "sourceObjectId": "fib:mid_term:1d:b5f805ec-100",
          "sourceBarHash": "b5f805ec-100",
          "derivationId": "fib:mid_term:1d:100:b5f805ec-100",
          "anchors": "2026-09-18|70.11|2026-05-19|91.48|down_swing"
        },
        "long": {
          "horizon": "long",
          "status": "available",
          "sourceTimeframe": "1w",
          "lookbackBars": 104,
          "sourceBarCount": 104,
          "pivotHighCount": 11,
          "pivotLowCount": 11,
          "swingHigh": 83.5999984741211,
          "swingHighDate": "2026-09-04",
          "swingLow": 65.08000183105469,
          "swingLowDate": "2026-07-17",
          "swingDirection": "up_swing",
          "fallbackUsed": false,
          "fallbackReason": null,
          "sourceObjectId": "fib:long_term:1w:ba1d9e5b-104",
          "sourceBarHash": "ba1d9e5b-104",
          "derivationId": "fib:long_term:1w:104:ba1d9e5b-104",
          "anchors": "2026-07-17|65.08|2026-09-04|83.6|up_swing"
        }
      },
      "duplicate": {
        "sameShortMid": false,
        "sameMidLong": false,
        "sameAll": false,
        "independentlyDerived": true,
        "sharedObject": false,
        "sameAnchorsExplanation": null
      }
    },
    "PLTR": {
      "status": "available",
      "price": 190.04,
      "horizons": {
        "short": {
          "horizon": "short",
          "status": "available",
          "sourceTimeframe": "4h",
          "lookbackBars": 80,
          "sourceBarCount": 80,
          "pivotHighCount": 9,
          "pivotLowCount": 8,
          "swingHigh": 194.67999267578125,
          "swingHighDate": "2026-09-24",
          "swingLow": 164.5500030517578,
          "swingLowDate": "2026-09-10",
          "swingDirection": "up_swing",
          "fallbackUsed": false,
          "fallbackReason": null,
          "sourceObjectId": "fib:short_term:4h:92fa93b4-80",
          "sourceBarHash": "92fa93b4-80",
          "derivationId": "fib:short_term:4h:80:92fa93b4-80",
          "anchors": "2026-09-10|164.55|2026-09-24|194.68|up_swing"
        },
        "mid": {
          "horizon": "mid",
          "status": "available",
          "sourceTimeframe": "1d",
          "lookbackBars": 100,
          "sourceBarCount": 100,
          "pivotHighCount": 7,
          "pivotLowCount": 8,
          "swingHigh": 194.67999267578125,
          "swingHighDate": "2026-09-24",
          "swingLow": 106.37000274658203,
          "swingLowDate": "2026-06-25",
          "swingDirection": "up_swing",
          "fallbackUsed": false,
          "fallbackReason": null,
          "sourceObjectId": "fib:mid_term:1d:4450b645-100",
          "sourceBarHash": "4450b645-100",
          "derivationId": "fib:mid_term:1d:100:4450b645-100",
          "anchors": "2026-06-25|106.37|2026-09-24|194.68|up_swing"
        },
        "long": {
          "horizon": "long",
          "status": "available",
          "sourceTimeframe": "1w",
          "lookbackBars": 104,
          "sourceBarCount": 104,
          "pivotHighCount": 14,
          "pivotLowCount": 14,
          "swingHigh": 207.52000427246094,
          "swingHighDate": "2025-11-07",
          "swingLow": 164.5500030517578,
          "swingLowDate": "2026-09-11",
          "swingDirection": "down_swing",
          "fallbackUsed": false,
          "fallbackReason": null,
          "sourceObjectId": "fib:long_term:1w:5ac9657e-104",
          "sourceBarHash": "5ac9657e-104",
          "derivationId": "fib:long_term:1w:104:5ac9657e-104",
          "anchors": "2026-09-11|164.55|2025-11-07|207.52|down_swing"
        }
      },
      "duplicate": {
        "sameShortMid": false,
        "sameMidLong": false,
        "sameAll": false,
        "independentlyDerived": true,
        "sharedObject": false,
        "sameAnchorsExplanation": null
      }
    },
    "NOW": {
      "status": "available",
      "price": 137.76,
      "horizons": {
        "short": {
          "horizon": "short",
          "status": "available",
          "sourceTimeframe": "4h",
          "lookbackBars": 80,
          "sourceBarCount": 80,
          "pivotHighCount": 8,
          "pivotLowCount": 7,
          "swingHigh": 149.60000610351562,
          "swingHighDate": "2026-08-31",
          "swingLow": 126.75,
          "swingLowDate": "2026-09-28",
          "swingDirection": "down_swing",
          "fallbackUsed": false,
          "fallbackReason": null,
          "sourceObjectId": "fib:short_term:4h:a2cf7be5-80",
          "sourceBarHash": "a2cf7be5-80",
          "derivationId": "fib:short_term:4h:80:a2cf7be5-80",
          "anchors": "2026-09-28|126.75|2026-08-31|149.6|down_swing"
        },
        "mid": {
          "horizon": "mid",
          "status": "available",
          "sourceTimeframe": "1d",
          "lookbackBars": 100,
          "sourceBarCount": 100,
          "pivotHighCount": 7,
          "pivotLowCount": 7,
          "swingHigh": 142.10000610351562,
          "swingHighDate": "2026-09-22",
          "swingLow": 89.38999938964844,
          "swingLowDate": "2026-06-25",
          "swingDirection": "up_swing",
          "fallbackUsed": false,
          "fallbackReason": null,
          "sourceObjectId": "fib:mid_term:1d:d1c0e6f0-100",
          "sourceBarHash": "d1c0e6f0-100",
          "derivationId": "fib:mid_term:1d:100:d1c0e6f0-100",
          "anchors": "2026-06-25|89.39|2026-09-22|142.1|up_swing"
        },
        "long": {
          "horizon": "long",
          "status": "available",
          "sourceTimeframe": "1w",
          "lookbackBars": 104,
          "sourceBarCount": 104,
          "pivotHighCount": 13,
          "pivotLowCount": 12,
          "swingHigh": 149.60000610351562,
          "swingHighDate": "2026-09-04",
          "swingLow": 81.23999786376953,
          "swingLowDate": "2026-04-10",
          "swingDirection": "up_swing",
          "fallbackUsed": false,
          "fallbackReason": null,
          "sourceObjectId": "fib:long_term:1w:9e6055e6-104",
          "sourceBarHash": "9e6055e6-104",
          "derivationId": "fib:long_term:1w:104:9e6055e6-104",
          "anchors": "2026-04-10|81.24|2026-09-04|149.6|up_swing"
        }
      },
      "duplicate": {
        "sameShortMid": false,
        "sameMidLong": false,
        "sameAll": false,
        "independentlyDerived": true,
        "sharedObject": false,
        "sameAnchorsExplanation": null
      }
    },
    "SOFI": {
      "status": "available",
      "price": 15.84,
      "horizons": {
        "short": {
          "horizon": "short",
          "status": "available",
          "sourceTimeframe": "4h",
          "lookbackBars": 80,
          "sourceBarCount": 80,
          "pivotHighCount": 7,
          "pivotLowCount": 7,
          "swingHigh": 19.489999771118164,
          "swingHighDate": "2026-08-28",
          "swingLow": 16.200000762939453,
          "swingLowDate": "2026-09-24",
          "swingDirection": "down_swing",
          "fallbackUsed": false,
          "fallbackReason": null,
          "sourceObjectId": "fib:short_term:4h:9a0e8bcd-80",
          "sourceBarHash": "9a0e8bcd-80",
          "derivationId": "fib:short_term:4h:80:9a0e8bcd-80",
          "anchors": "2026-09-24|16.2|2026-08-28|19.49|down_swing"
        },
        "mid": {
          "horizon": "mid",
          "status": "available",
          "sourceTimeframe": "1d",
          "lookbackBars": 100,
          "sourceBarCount": 100,
          "pivotHighCount": 7,
          "pivotLowCount": 8,
          "swingHigh": 17.959999084472656,
          "swingHighDate": "2026-09-22",
          "swingLow": 14.880000114440918,
          "swingLowDate": "2026-07-29",
          "swingDirection": "up_swing",
          "fallbackUsed": false,
          "fallbackReason": null,
          "sourceObjectId": "fib:mid_term:1d:f75ac562-100",
          "sourceBarHash": "f75ac562-100",
          "derivationId": "fib:mid_term:1d:100:f75ac562-100",
          "anchors": "2026-07-29|14.88|2026-09-22|17.96|up_swing"
        },
        "long": {
          "horizon": "long",
          "status": "available",
          "sourceTimeframe": "1w",
          "lookbackBars": 104,
          "sourceBarCount": 104,
          "pivotHighCount": 14,
          "pivotLowCount": 10,
          "swingHigh": 19.4950008392334,
          "swingHighDate": "2026-08-28",
          "swingLow": 8.600000381469727,
          "swingLowDate": "2025-04-11",
          "swingDirection": "up_swing",
          "fallbackUsed": false,
          "fallbackReason": null,
          "sourceObjectId": "fib:long_term:1w:37815767-104",
          "sourceBarHash": "37815767-104",
          "derivationId": "fib:long_term:1w:104:37815767-104",
          "anchors": "2025-04-11|8.6|2026-08-28|19.495|up_swing"
        }
      },
      "duplicate": {
        "sameShortMid": false,
        "sameMidLong": false,
        "sameAll": false,
        "independentlyDerived": true,
        "sharedObject": false,
        "sameAnchorsExplanation": null
      }
    },
    "XE": {
      "status": "available",
      "price": 13.95,
      "horizons": {
        "short": {
          "horizon": "short",
          "status": "available",
          "sourceTimeframe": "4h",
          "lookbackBars": 80,
          "sourceBarCount": 80,
          "pivotHighCount": 8,
          "pivotLowCount": 6,
          "swingHigh": 23.985200881958008,
          "swingHighDate": "2026-08-13",
          "swingLow": 14.119999885559082,
          "swingLowDate": "2026-09-29",
          "swingDirection": "down_swing",
          "fallbackUsed": false,
          "fallbackReason": null,
          "sourceObjectId": "fib:short_term:4h:95a63e0a-80",
          "sourceBarHash": "95a63e0a-80",
          "derivationId": "fib:short_term:4h:80:95a63e0a-80",
          "anchors": "2026-09-29|14.12|2026-08-13|23.9852|down_swing"
        },
        "mid": {
          "horizon": "mid",
          "status": "available",
          "sourceTimeframe": "1d",
          "lookbackBars": 100,
          "sourceBarCount": 100,
          "pivotHighCount": 8,
          "pivotLowCount": 6,
          "swingHigh": 16.780000686645508,
          "swingHighDate": "2026-09-21",
          "swingLow": 13.289999961853027,
          "swingLowDate": "2026-07-16",
          "swingDirection": "up_swing",
          "fallbackUsed": false,
          "fallbackReason": null,
          "sourceObjectId": "fib:mid_term:1d:619a460a-100",
          "sourceBarHash": "619a460a-100",
          "derivationId": "fib:mid_term:1d:100:619a460a-100",
          "anchors": "2026-07-16|13.29|2026-09-21|16.78|up_swing"
        },
        "long": {
          "horizon": "long",
          "status": "insufficient_history",
          "sourceTimeframe": "1d",
          "lookbackBars": 250,
          "sourceBarCount": 111,
          "pivotHighCount": 0,
          "pivotLowCount": 0,
          "swingHigh": null,
          "swingHighDate": null,
          "swingLow": null,
          "swingLowDate": null,
          "swingDirection": null,
          "fallbackUsed": true,
          "fallbackReason": "weekly_no_valid_confirmed_swing",
          "sourceObjectId": "fib:long_term:1d-fallback:b190abe5-111",
          "sourceBarHash": "b190abe5-111",
          "derivationId": "fib:long_term:1d-fallback:250:b190abe5-111",
          "anchors": null
        }
      },
      "duplicate": {
        "sameShortMid": false,
        "sameMidLong": false,
        "sameAll": false,
        "independentlyDerived": true,
        "sharedObject": false,
        "sameAnchorsExplanation": null
      }
    },
    "ZETA": {
      "status": "available",
      "price": 32.4,
      "horizons": {
        "short": {
          "horizon": "short",
          "status": "available",
          "sourceTimeframe": "4h",
          "lookbackBars": 80,
          "sourceBarCount": 80,
          "pivotHighCount": 10,
          "pivotLowCount": 8,
          "swingHigh": 32.810001373291016,
          "swingHighDate": "2026-09-04",
          "swingLow": 28.030000686645508,
          "swingLowDate": "2026-09-28",
          "swingDirection": "down_swing",
          "fallbackUsed": false,
          "fallbackReason": null,
          "sourceObjectId": "fib:short_term:4h:cd24d385-80",
          "sourceBarHash": "cd24d385-80",
          "derivationId": "fib:short_term:4h:80:cd24d385-80",
          "anchors": "2026-09-28|28.03|2026-09-04|32.81|down_swing"
        },
        "mid": {
          "horizon": "mid",
          "status": "available",
          "sourceTimeframe": "1d",
          "lookbackBars": 100,
          "sourceBarCount": 100,
          "pivotHighCount": 8,
          "pivotLowCount": 5,
          "swingHigh": 32.0099983215332,
          "swingHighDate": "2026-09-22",
          "swingLow": 17.770000457763672,
          "swingLowDate": "2026-06-25",
          "swingDirection": "up_swing",
          "fallbackUsed": false,
          "fallbackReason": null,
          "sourceObjectId": "fib:mid_term:1d:e0857654-100",
          "sourceBarHash": "e0857654-100",
          "derivationId": "fib:mid_term:1d:100:e0857654-100",
          "anchors": "2026-06-25|17.77|2026-09-22|32.01|up_swing"
        },
        "long": {
          "horizon": "long",
          "status": "available",
          "sourceTimeframe": "1w",
          "lookbackBars": 104,
          "sourceBarCount": 104,
          "pivotHighCount": 15,
          "pivotLowCount": 15,
          "swingHigh": 32.810001373291016,
          "swingHighDate": "2026-09-04",
          "swingLow": 10.6899995803833,
          "swingLowDate": "2025-04-25",
          "swingDirection": "up_swing",
          "fallbackUsed": false,
          "fallbackReason": null,
          "sourceObjectId": "fib:long_term:1w:2d2a696b-104",
          "sourceBarHash": "2d2a696b-104",
          "derivationId": "fib:long_term:1w:104:2d2a696b-104",
          "anchors": "2025-04-25|10.69|2026-09-04|32.81|up_swing"
        }
      },
      "duplicate": {
        "sameShortMid": false,
        "sameMidLong": false,
        "sameAll": false,
        "independentlyDerived": true,
        "sharedObject": false,
        "sameAnchorsExplanation": null
      }
    },
    "SPCX": {
      "status": "available",
      "price": 148.07,
      "horizons": {
        "short": {
          "horizon": "short",
          "status": "available",
          "sourceTimeframe": "4h",
          "lookbackBars": 80,
          "sourceBarCount": 80,
          "pivotHighCount": 9,
          "pivotLowCount": 7,
          "swingHigh": 158.1300048828125,
          "swingHighDate": "2026-09-21",
          "swingLow": 145.36000061035156,
          "swingLowDate": "2026-09-28",
          "swingDirection": "down_swing",
          "fallbackUsed": false,
          "fallbackReason": null,
          "sourceObjectId": "fib:short_term:4h:35f76646-80",
          "sourceBarHash": "35f76646-80",
          "derivationId": "fib:short_term:4h:80:35f76646-80",
          "anchors": "2026-09-28|145.36|2026-09-21|158.13|down_swing"
        },
        "mid": {
          "horizon": "mid",
          "status": "available",
          "sourceTimeframe": "1d",
          "lookbackBars": 100,
          "sourceBarCount": 77,
          "pivotHighCount": 4,
          "pivotLowCount": 4,
          "swingHigh": 158.1300048828125,
          "swingHighDate": "2026-09-21",
          "swingLow": 104.83000183105469,
          "swingLowDate": "2026-08-03",
          "swingDirection": "up_swing",
          "fallbackUsed": false,
          "fallbackReason": null,
          "sourceObjectId": "fib:mid_term:1d:b9e1849b-77",
          "sourceBarHash": "b9e1849b-77",
          "derivationId": "fib:mid_term:1d:100:b9e1849b-77",
          "anchors": "2026-08-03|104.83|2026-09-21|158.13|up_swing"
        },
        "long": {
          "horizon": "long",
          "status": "insufficient_history",
          "sourceTimeframe": "1d",
          "lookbackBars": 250,
          "sourceBarCount": 77,
          "pivotHighCount": 0,
          "pivotLowCount": 0,
          "swingHigh": null,
          "swingHighDate": null,
          "swingLow": null,
          "swingLowDate": null,
          "swingDirection": null,
          "fallbackUsed": true,
          "fallbackReason": "weekly_no_valid_confirmed_swing",
          "sourceObjectId": "fib:long_term:1d-fallback:b9e1849b-77",
          "sourceBarHash": "b9e1849b-77",
          "derivationId": "fib:long_term:1d-fallback:250:b9e1849b-77",
          "anchors": null
        }
      },
      "duplicate": {
        "sameShortMid": false,
        "sameMidLong": false,
        "sameAll": false,
        "independentlyDerived": true,
        "sharedObject": false,
        "sameAnchorsExplanation": null
      }
    },
    "MU": {
      "status": "available",
      "price": 1097.39,
      "horizons": {
        "short": {
          "horizon": "short",
          "status": "available",
          "sourceTimeframe": "4h",
          "lookbackBars": 80,
          "sourceBarCount": 80,
          "pivotHighCount": 7,
          "pivotLowCount": 9,
          "swingHigh": 1108.719970703125,
          "swingHighDate": "2026-09-25",
          "swingLow": 844.6199951171875,
          "swingLowDate": "2026-08-11",
          "swingDirection": "up_swing",
          "fallbackUsed": false,
          "fallbackReason": null,
          "sourceObjectId": "fib:short_term:4h:a6f73b8e-80",
          "sourceBarHash": "a6f73b8e-80",
          "derivationId": "fib:short_term:4h:80:a6f73b8e-80",
          "anchors": "2026-08-11|844.62|2026-09-25|1108.72|up_swing"
        },
        "mid": {
          "horizon": "mid",
          "status": "available",
          "sourceTimeframe": "1d",
          "lookbackBars": 100,
          "sourceBarCount": 100,
          "pivotHighCount": 6,
          "pivotLowCount": 8,
          "swingHigh": 1108.719970703125,
          "swingHighDate": "2026-09-25",
          "swingLow": 652.2100219726562,
          "swingLowDate": "2026-05-19",
          "swingDirection": "up_swing",
          "fallbackUsed": false,
          "fallbackReason": null,
          "sourceObjectId": "fib:mid_term:1d:744dd52-100",
          "sourceBarHash": "744dd52-100",
          "derivationId": "fib:mid_term:1d:100:744dd52-100",
          "anchors": "2026-05-19|652.21|2026-09-25|1108.72|up_swing"
        },
        "long": {
          "horizon": "long",
          "status": "available",
          "sourceTimeframe": "1w",
          "lookbackBars": 104,
          "sourceBarCount": 104,
          "pivotHighCount": 13,
          "pivotLowCount": 10,
          "swingHigh": 1036.1300048828125,
          "swingHighDate": "2026-08-21",
          "swingLow": 61.540000915527344,
          "swingLowDate": "2025-04-11",
          "swingDirection": "up_swing",
          "fallbackUsed": false,
          "fallbackReason": null,
          "sourceObjectId": "fib:long_term:1w:96bd60a4-104",
          "sourceBarHash": "96bd60a4-104",
          "derivationId": "fib:long_term:1w:104:96bd60a4-104",
          "anchors": "2025-04-11|61.54|2026-08-21|1036.13|up_swing"
        }
      },
      "duplicate": {
        "sameShortMid": false,
        "sameMidLong": false,
        "sameAll": false,
        "independentlyDerived": true,
        "sharedObject": false,
        "sameAnchorsExplanation": null
      }
    },
    "ORCL": {
      "status": "available",
      "price": 138.07,
      "horizons": {
        "short": {
          "horizon": "short",
          "status": "available",
          "sourceTimeframe": "4h",
          "lookbackBars": 80,
          "sourceBarCount": 80,
          "pivotHighCount": 8,
          "pivotLowCount": 6,
          "swingHigh": 143.66990661621094,
          "swingHighDate": "2026-09-29",
          "swingLow": 137.42999267578125,
          "swingLowDate": "2026-08-19",
          "swingDirection": "up_swing",
          "fallbackUsed": false,
          "fallbackReason": null,
          "sourceObjectId": "fib:short_term:4h:d995ec66-80",
          "sourceBarHash": "d995ec66-80",
          "derivationId": "fib:short_term:4h:80:d995ec66-80",
          "anchors": "2026-08-19|137.43|2026-09-29|143.6699|up_swing"
        },
        "mid": {
          "horizon": "mid",
          "status": "available",
          "sourceTimeframe": "1d",
          "lookbackBars": 100,
          "sourceBarCount": 100,
          "pivotHighCount": 5,
          "pivotLowCount": 6,
          "swingHigh": 153.60000610351562,
          "swingHighDate": "2026-09-22",
          "swingLow": 114.5,
          "swingLowDate": "2026-07-28",
          "swingDirection": "up_swing",
          "fallbackUsed": false,
          "fallbackReason": null,
          "sourceObjectId": "fib:mid_term:1d:92a1fb48-100",
          "sourceBarHash": "92a1fb48-100",
          "derivationId": "fib:mid_term:1d:100:92a1fb48-100",
          "anchors": "2026-07-28|114.5|2026-09-22|153.6|up_swing"
        },
        "long": {
          "horizon": "long",
          "status": "available",
          "sourceTimeframe": "1w",
          "lookbackBars": 104,
          "sourceBarCount": 104,
          "pivotHighCount": 14,
          "pivotLowCount": 11,
          "swingHigh": 170.6999969482422,
          "swingHighDate": "2026-09-11",
          "swingLow": 114.5,
          "swingLowDate": "2026-07-31",
          "swingDirection": "up_swing",
          "fallbackUsed": false,
          "fallbackReason": null,
          "sourceObjectId": "fib:long_term:1w:ef89d9df-104",
          "sourceBarHash": "ef89d9df-104",
          "derivationId": "fib:long_term:1w:104:ef89d9df-104",
          "anchors": "2026-07-31|114.5|2026-09-11|170.7|up_swing"
        }
      },
      "duplicate": {
        "sameShortMid": false,
        "sameMidLong": false,
        "sameAll": false,
        "independentlyDerived": true,
        "sharedObject": false,
        "sameAnchorsExplanation": null
      }
    },
    "TEM": {
      "status": "available",
      "price": 76.5,
      "horizons": {
        "short": {
          "horizon": "short",
          "status": "available",
          "sourceTimeframe": "4h",
          "lookbackBars": 80,
          "sourceBarCount": 80,
          "pivotHighCount": 8,
          "pivotLowCount": 8,
          "swingHigh": 89.08999633789062,
          "swingHighDate": "2026-09-29",
          "swingLow": 49.349998474121094,
          "swingLowDate": "2026-08-18",
          "swingDirection": "up_swing",
          "fallbackUsed": false,
          "fallbackReason": null,
          "sourceObjectId": "fib:short_term:4h:43f5cfbd-80",
          "sourceBarHash": "43f5cfbd-80",
          "derivationId": "fib:short_term:4h:80:43f5cfbd-80",
          "anchors": "2026-08-18|49.35|2026-09-29|89.09|up_swing"
        },
        "mid": {
          "horizon": "mid",
          "status": "available",
          "sourceTimeframe": "1d",
          "lookbackBars": 100,
          "sourceBarCount": 100,
          "pivotHighCount": 6,
          "pivotLowCount": 8,
          "swingHigh": 72.95999908447266,
          "swingHighDate": "2026-08-21",
          "swingLow": 57.720001220703125,
          "swingLowDate": "2026-09-14",
          "swingDirection": "down_swing",
          "fallbackUsed": false,
          "fallbackReason": null,
          "sourceObjectId": "fib:mid_term:1d:62f12331-100",
          "sourceBarHash": "62f12331-100",
          "derivationId": "fib:mid_term:1d:100:62f12331-100",
          "anchors": "2026-09-14|57.72|2026-08-21|72.96|down_swing"
        },
        "long": {
          "horizon": "long",
          "status": "available",
          "sourceTimeframe": "1w",
          "lookbackBars": 104,
          "sourceBarCount": 104,
          "pivotHighCount": 15,
          "pivotLowCount": 15,
          "swingHigh": 72.95999908447266,
          "swingHighDate": "2026-08-21",
          "swingLow": 31.360000610351562,
          "swingLowDate": "2025-01-17",
          "swingDirection": "up_swing",
          "fallbackUsed": false,
          "fallbackReason": null,
          "sourceObjectId": "fib:long_term:1w:a0a535a6-104",
          "sourceBarHash": "a0a535a6-104",
          "derivationId": "fib:long_term:1w:104:a0a535a6-104",
          "anchors": "2025-01-17|31.36|2026-08-21|72.96|up_swing"
        }
      },
      "duplicate": {
        "sameShortMid": false,
        "sameMidLong": false,
        "sameAll": false,
        "independentlyDerived": true,
        "sharedObject": false,
        "sameAnchorsExplanation": null
      }
    },
    "GEV": {
      "status": "available",
      "price": 987.45,
      "horizons": {
        "short": {
          "horizon": "short",
          "status": "available",
          "sourceTimeframe": "4h",
          "lookbackBars": 80,
          "sourceBarCount": 80,
          "pivotHighCount": 8,
          "pivotLowCount": 6,
          "swingHigh": 973.4099731445312,
          "swingHighDate": "2026-09-29",
          "swingLow": 868.25,
          "swingLowDate": "2026-09-14",
          "swingDirection": "up_swing",
          "fallbackUsed": false,
          "fallbackReason": null,
          "sourceObjectId": "fib:short_term:4h:a5d4d5dd-80",
          "sourceBarHash": "a5d4d5dd-80",
          "derivationId": "fib:short_term:4h:80:a5d4d5dd-80",
          "anchors": "2026-09-14|868.25|2026-09-29|973.41|up_swing"
        },
        "mid": {
          "horizon": "mid",
          "status": "available",
          "sourceTimeframe": "1d",
          "lookbackBars": 100,
          "sourceBarCount": 100,
          "pivotHighCount": 9,
          "pivotLowCount": 7,
          "swingHigh": 1195.93994140625,
          "swingHighDate": "2026-07-06",
          "swingLow": 921.530029296875,
          "swingLowDate": "2026-09-24",
          "swingDirection": "down_swing",
          "fallbackUsed": false,
          "fallbackReason": null,
          "sourceObjectId": "fib:mid_term:1d:5949c981-100",
          "sourceBarHash": "5949c981-100",
          "derivationId": "fib:mid_term:1d:100:5949c981-100",
          "anchors": "2026-09-24|921.53|2026-07-06|1195.9399|down_swing"
        },
        "long": {
          "horizon": "long",
          "status": "available",
          "sourceTimeframe": "1w",
          "lookbackBars": 104,
          "sourceBarCount": 104,
          "pivotHighCount": 14,
          "pivotLowCount": 14,
          "swingHigh": 983.3400268554688,
          "swingHighDate": "2026-09-11",
          "swingLow": 252.25,
          "swingLowDate": "2025-04-04",
          "swingDirection": "up_swing",
          "fallbackUsed": false,
          "fallbackReason": null,
          "sourceObjectId": "fib:long_term:1w:477eb579-104",
          "sourceBarHash": "477eb579-104",
          "derivationId": "fib:long_term:1w:104:477eb579-104",
          "anchors": "2025-04-04|252.25|2026-09-11|983.34|up_swing"
        }
      },
      "duplicate": {
        "sameShortMid": false,
        "sameMidLong": false,
        "sameAll": false,
        "independentlyDerived": true,
        "sharedObject": false,
        "sameAnchorsExplanation": null
      }
    },
    "TQQQ": {
      "status": "available",
      "price": 78.73,
      "horizons": {
        "short": {
          "horizon": "short",
          "status": "available",
          "sourceTimeframe": "4h",
          "lookbackBars": 80,
          "sourceBarCount": 80,
          "pivotHighCount": 8,
          "pivotLowCount": 8,
          "swingHigh": 79.66999816894531,
          "swingHighDate": "2026-09-30",
          "swingLow": 66.54499816894531,
          "swingLowDate": "2026-09-16",
          "swingDirection": "up_swing",
          "fallbackUsed": false,
          "fallbackReason": null,
          "sourceObjectId": "fib:short_term:4h:7cb546bd-80",
          "sourceBarHash": "7cb546bd-80",
          "derivationId": "fib:short_term:4h:80:7cb546bd-80",
          "anchors": "2026-09-16|66.545|2026-09-30|79.67|up_swing"
        },
        "mid": {
          "horizon": "mid",
          "status": "available",
          "sourceTimeframe": "1d",
          "lookbackBars": 100,
          "sourceBarCount": 100,
          "pivotHighCount": 8,
          "pivotLowCount": 9,
          "swingHigh": 81.12000274658203,
          "swingHighDate": "2026-09-22",
          "swingLow": 57.59000015258789,
          "swingLowDate": "2026-07-29",
          "swingDirection": "up_swing",
          "fallbackUsed": false,
          "fallbackReason": null,
          "sourceObjectId": "fib:mid_term:1d:bb74e17f-100",
          "sourceBarHash": "bb74e17f-100",
          "derivationId": "fib:mid_term:1d:100:bb74e17f-100",
          "anchors": "2026-07-29|57.59|2026-09-22|81.12|up_swing"
        },
        "long": {
          "horizon": "long",
          "status": "available",
          "sourceTimeframe": "1w",
          "lookbackBars": 104,
          "sourceBarCount": 104,
          "pivotHighCount": 12,
          "pivotLowCount": 13,
          "swingHigh": 88.08999633789062,
          "swingHighDate": "2026-06-05",
          "swingLow": 67.93000030517578,
          "swingLowDate": "2026-08-28",
          "swingDirection": "down_swing",
          "fallbackUsed": false,
          "fallbackReason": null,
          "sourceObjectId": "fib:long_term:1w:67cb5de1-104",
          "sourceBarHash": "67cb5de1-104",
          "derivationId": "fib:long_term:1w:104:67cb5de1-104",
          "anchors": "2026-08-28|67.93|2026-06-05|88.09|down_swing"
        }
      },
      "duplicate": {
        "sameShortMid": false,
        "sameMidLong": false,
        "sameAll": false,
        "independentlyDerived": true,
        "sharedObject": false,
        "sameAnchorsExplanation": null
      }
    },
    "SPMO": {
      "status": "available",
      "price": 152.75,
      "horizons": {
        "short": {
          "horizon": "short",
          "status": "available",
          "sourceTimeframe": "4h",
          "lookbackBars": 80,
          "sourceBarCount": 80,
          "pivotHighCount": 6,
          "pivotLowCount": 7,
          "swingHigh": 156.1699981689453,
          "swingHighDate": "2026-08-17",
          "swingLow": 149.72999572753906,
          "swingLowDate": "2026-09-28",
          "swingDirection": "down_swing",
          "fallbackUsed": false,
          "fallbackReason": null,
          "sourceObjectId": "fib:short_term:4h:bdcdc343-80",
          "sourceBarHash": "bdcdc343-80",
          "derivationId": "fib:short_term:4h:80:bdcdc343-80",
          "anchors": "2026-09-28|149.73|2026-08-17|156.17|down_swing"
        },
        "mid": {
          "horizon": "mid",
          "status": "available",
          "sourceTimeframe": "1d",
          "lookbackBars": 100,
          "sourceBarCount": 100,
          "pivotHighCount": 8,
          "pivotLowCount": 9,
          "swingHigh": 153.39999389648438,
          "swingHighDate": "2026-09-22",
          "swingLow": 136.2899932861328,
          "swingLowDate": "2026-07-29",
          "swingDirection": "up_swing",
          "fallbackUsed": false,
          "fallbackReason": null,
          "sourceObjectId": "fib:mid_term:1d:51a6f002-100",
          "sourceBarHash": "51a6f002-100",
          "derivationId": "fib:mid_term:1d:100:51a6f002-100",
          "anchors": "2026-07-29|136.29|2026-09-22|153.4|up_swing"
        },
        "long": {
          "horizon": "long",
          "status": "available",
          "sourceTimeframe": "1w",
          "lookbackBars": 104,
          "sourceBarCount": 104,
          "pivotHighCount": 12,
          "pivotLowCount": 12,
          "swingHigh": 156.1699981689453,
          "swingHighDate": "2026-08-21",
          "swingLow": 78.25,
          "swingLowDate": "2025-04-11",
          "swingDirection": "up_swing",
          "fallbackUsed": false,
          "fallbackReason": null,
          "sourceObjectId": "fib:long_term:1w:8f8cc43d-104",
          "sourceBarHash": "8f8cc43d-104",
          "derivationId": "fib:long_term:1w:104:8f8cc43d-104",
          "anchors": "2025-04-11|78.25|2026-08-21|156.17|up_swing"
        }
      },
      "duplicate": {
        "sameShortMid": false,
        "sameMidLong": false,
        "sameAll": false,
        "independentlyDerived": true,
        "sharedObject": false,
        "sameAnchorsExplanation": null
      }
    },
    "SOXL": {
      "status": "available",
      "price": 153.69,
      "horizons": {
        "short": {
          "horizon": "short",
          "status": "available",
          "sourceTimeframe": "4h",
          "lookbackBars": 80,
          "sourceBarCount": 80,
          "pivotHighCount": 8,
          "pivotLowCount": 10,
          "swingHigh": 156.9241943359375,
          "swingHighDate": "2026-08-17",
          "swingLow": 135.21200561523438,
          "swingLowDate": "2026-09-28",
          "swingDirection": "down_swing",
          "fallbackUsed": false,
          "fallbackReason": null,
          "sourceObjectId": "fib:short_term:4h:bb005039-80",
          "sourceBarHash": "bb005039-80",
          "derivationId": "fib:short_term:4h:80:bb005039-80",
          "anchors": "2026-09-28|135.212|2026-08-17|156.9242|down_swing"
        },
        "mid": {
          "horizon": "mid",
          "status": "available",
          "sourceTimeframe": "1d",
          "lookbackBars": 100,
          "sourceBarCount": 100,
          "pivotHighCount": 7,
          "pivotLowCount": 8,
          "swingHigh": 302,
          "swingHighDate": "2026-06-22",
          "swingLow": 99.87000274658203,
          "swingLowDate": "2026-09-14",
          "swingDirection": "down_swing",
          "fallbackUsed": false,
          "fallbackReason": null,
          "sourceObjectId": "fib:mid_term:1d:285eec0d-100",
          "sourceBarHash": "285eec0d-100",
          "derivationId": "fib:mid_term:1d:100:285eec0d-100",
          "anchors": "2026-09-14|99.87|2026-06-22|302|down_swing"
        },
        "long": {
          "horizon": "long",
          "status": "available",
          "sourceTimeframe": "1w",
          "lookbackBars": 104,
          "sourceBarCount": 104,
          "pivotHighCount": 13,
          "pivotLowCount": 13,
          "swingHigh": 302,
          "swingHighDate": "2026-06-26",
          "swingLow": 98.62000274658203,
          "swingLowDate": "2026-09-04",
          "swingDirection": "down_swing",
          "fallbackUsed": false,
          "fallbackReason": null,
          "sourceObjectId": "fib:long_term:1w:9f5fba92-104",
          "sourceBarHash": "9f5fba92-104",
          "derivationId": "fib:long_term:1w:104:9f5fba92-104",
          "anchors": "2026-09-04|98.62|2026-06-26|302|down_swing"
        }
      },
      "duplicate": {
        "sameShortMid": false,
        "sameMidLong": false,
        "sameAll": false,
        "independentlyDerived": true,
        "sharedObject": false,
        "sameAnchorsExplanation": null
      }
    },
    "QQQ": {
      "status": "available",
      "price": 742.03,
      "horizons": {
        "short": {
          "horizon": "short",
          "status": "available",
          "sourceTimeframe": "4h",
          "lookbackBars": 80,
          "sourceBarCount": 80,
          "pivotHighCount": 8,
          "pivotLowCount": 8,
          "swingHigh": 745.0800170898438,
          "swingHighDate": "2026-09-30",
          "swingLow": 700,
          "swingLowDate": "2026-09-16",
          "swingDirection": "up_swing",
          "fallbackUsed": false,
          "fallbackReason": null,
          "sourceObjectId": "fib:short_term:4h:eb16785-80",
          "sourceBarHash": "eb16785-80",
          "derivationId": "fib:short_term:4h:80:eb16785-80",
          "anchors": "2026-09-16|700|2026-09-30|745.08|up_swing"
        },
        "mid": {
          "horizon": "mid",
          "status": "available",
          "sourceTimeframe": "1d",
          "lookbackBars": 100,
          "sourceBarCount": 100,
          "pivotHighCount": 9,
          "pivotLowCount": 9,
          "swingHigh": 748.3499755859375,
          "swingHighDate": "2026-09-22",
          "swingLow": 661.1400146484375,
          "swingLowDate": "2026-07-29",
          "swingDirection": "up_swing",
          "fallbackUsed": false,
          "fallbackReason": null,
          "sourceObjectId": "fib:mid_term:1d:82648a6c-100",
          "sourceBarHash": "82648a6c-100",
          "derivationId": "fib:mid_term:1d:100:82648a6c-100",
          "anchors": "2026-07-29|661.14|2026-09-22|748.35|up_swing"
        },
        "long": {
          "horizon": "long",
          "status": "available",
          "sourceTimeframe": "1w",
          "lookbackBars": 104,
          "sourceBarCount": 104,
          "pivotHighCount": 12,
          "pivotLowCount": 12,
          "swingHigh": 734.5800170898438,
          "swingHighDate": "2026-08-21",
          "swingLow": 402.3900146484375,
          "swingLowDate": "2025-04-11",
          "swingDirection": "up_swing",
          "fallbackUsed": false,
          "fallbackReason": null,
          "sourceObjectId": "fib:long_term:1w:b3e11f1e-104",
          "sourceBarHash": "b3e11f1e-104",
          "derivationId": "fib:long_term:1w:104:b3e11f1e-104",
          "anchors": "2025-04-11|402.39|2026-08-21|734.58|up_swing"
        }
      },
      "duplicate": {
        "sameShortMid": false,
        "sameMidLong": false,
        "sameAll": false,
        "independentlyDerived": true,
        "sharedObject": false,
        "sameAnchorsExplanation": null
      }
    },
    "UNH": {
      "status": "available",
      "price": 365.2,
      "horizons": {
        "short": {
          "horizon": "short",
          "status": "available",
          "sourceTimeframe": "4h",
          "lookbackBars": 80,
          "sourceBarCount": 80,
          "pivotHighCount": 9,
          "pivotLowCount": 7,
          "swingHigh": 413.07000732421875,
          "swingHighDate": "2026-08-10",
          "swingLow": 366,
          "swingLowDate": "2026-09-23",
          "swingDirection": "down_swing",
          "fallbackUsed": false,
          "fallbackReason": null,
          "sourceObjectId": "fib:short_term:4h:4dfdc58f-80",
          "sourceBarHash": "4dfdc58f-80",
          "derivationId": "fib:short_term:4h:80:4dfdc58f-80",
          "anchors": "2026-09-23|366|2026-08-10|413.07|down_swing"
        },
        "mid": {
          "horizon": "mid",
          "status": "available",
          "sourceTimeframe": "1d",
          "lookbackBars": 100,
          "sourceBarCount": 100,
          "pivotHighCount": 7,
          "pivotLowCount": 7,
          "swingHigh": 461.6199951171875,
          "swingHighDate": "2026-07-16",
          "swingLow": 366,
          "swingLowDate": "2026-09-23",
          "swingDirection": "down_swing",
          "fallbackUsed": false,
          "fallbackReason": null,
          "sourceObjectId": "fib:mid_term:1d:99c4bd49-100",
          "sourceBarHash": "99c4bd49-100",
          "derivationId": "fib:mid_term:1d:100:99c4bd49-100",
          "anchors": "2026-09-23|366|2026-07-16|461.62|down_swing"
        },
        "long": {
          "horizon": "long",
          "status": "available",
          "sourceTimeframe": "1w",
          "lookbackBars": 104,
          "sourceBarCount": 104,
          "pivotHighCount": 16,
          "pivotLowCount": 12,
          "swingHigh": 406.5299987792969,
          "swingHighDate": "2026-09-11",
          "swingLow": 234.60000610351562,
          "swingLowDate": "2025-08-01",
          "swingDirection": "up_swing",
          "fallbackUsed": false,
          "fallbackReason": null,
          "sourceObjectId": "fib:long_term:1w:d45101c-104",
          "sourceBarHash": "d45101c-104",
          "derivationId": "fib:long_term:1w:104:d45101c-104",
          "anchors": "2025-08-01|234.6|2026-09-11|406.53|up_swing"
        }
      },
      "duplicate": {
        "sameShortMid": false,
        "sameMidLong": false,
        "sameAll": false,
        "independentlyDerived": true,
        "sharedObject": false,
        "sameAnchorsExplanation": null
      }
    },
    "TSLA": {
      "status": "available",
      "price": 354.11,
      "horizons": {
        "short": {
          "horizon": "short",
          "status": "available",
          "sourceTimeframe": "4h",
          "lookbackBars": 80,
          "sourceBarCount": 80,
          "pivotHighCount": 9,
          "pivotLowCount": 9,
          "swingHigh": 386.70001220703125,
          "swingHighDate": "2026-09-23",
          "swingLow": 345.8800048828125,
          "swingLowDate": "2026-09-30",
          "swingDirection": "down_swing",
          "fallbackUsed": false,
          "fallbackReason": null,
          "sourceObjectId": "fib:short_term:4h:3147bb59-80",
          "sourceBarHash": "3147bb59-80",
          "derivationId": "fib:short_term:4h:80:3147bb59-80",
          "anchors": "2026-09-30|345.88|2026-09-23|386.7|down_swing"
        },
        "mid": {
          "horizon": "mid",
          "status": "available",
          "sourceTimeframe": "1d",
          "lookbackBars": 100,
          "sourceBarCount": 100,
          "pivotHighCount": 5,
          "pivotLowCount": 5,
          "swingHigh": 386.8299865722656,
          "swingHighDate": "2026-09-25",
          "swingLow": 297.3800048828125,
          "swingLowDate": "2026-07-29",
          "swingDirection": "up_swing",
          "fallbackUsed": false,
          "fallbackReason": null,
          "sourceObjectId": "fib:mid_term:1d:7a74cdd6-100",
          "sourceBarHash": "7a74cdd6-100",
          "derivationId": "fib:mid_term:1d:100:7a74cdd6-100",
          "anchors": "2026-07-29|297.38|2026-09-25|386.83|up_swing"
        },
        "long": {
          "horizon": "long",
          "status": "available",
          "sourceTimeframe": "1w",
          "lookbackBars": 104,
          "sourceBarCount": 104,
          "pivotHighCount": 13,
          "pivotLowCount": 13,
          "swingHigh": 384.0400085449219,
          "swingHighDate": "2026-09-04",
          "swingLow": 212.11000061035156,
          "swingLowDate": "2024-10-25",
          "swingDirection": "up_swing",
          "fallbackUsed": false,
          "fallbackReason": null,
          "sourceObjectId": "fib:long_term:1w:f024f6cb-104",
          "sourceBarHash": "f024f6cb-104",
          "derivationId": "fib:long_term:1w:104:f024f6cb-104",
          "anchors": "2024-10-25|212.11|2026-09-04|384.04|up_swing"
        }
      },
      "duplicate": {
        "sameShortMid": false,
        "sameMidLong": false,
        "sameAll": false,
        "independentlyDerived": true,
        "sharedObject": false,
        "sameAnchorsExplanation": null
      }
    },
    "PDD": {
      "status": "available",
      "price": 76.5,
      "horizons": {
        "short": {
          "horizon": "short",
          "status": "available",
          "sourceTimeframe": "4h",
          "lookbackBars": 80,
          "sourceBarCount": 80,
          "pivotHighCount": 6,
          "pivotLowCount": 7,
          "swingHigh": 93.19000244140625,
          "swingHighDate": "2026-08-10",
          "swingLow": 77.0199966430664,
          "swingLowDate": "2026-09-29",
          "swingDirection": "down_swing",
          "fallbackUsed": false,
          "fallbackReason": null,
          "sourceObjectId": "fib:short_term:4h:85138097-80",
          "sourceBarHash": "85138097-80",
          "derivationId": "fib:short_term:4h:80:85138097-80",
          "anchors": "2026-09-29|77.02|2026-08-10|93.19|down_swing"
        },
        "mid": {
          "horizon": "mid",
          "status": "available",
          "sourceTimeframe": "1d",
          "lookbackBars": 100,
          "sourceBarCount": 100,
          "pivotHighCount": 6,
          "pivotLowCount": 6,
          "swingHigh": 80.76000213623047,
          "swingHighDate": "2026-09-22",
          "swingLow": 71.94000244140625,
          "swingLowDate": "2026-06-26",
          "swingDirection": "up_swing",
          "fallbackUsed": false,
          "fallbackReason": null,
          "sourceObjectId": "fib:mid_term:1d:3ec7237-100",
          "sourceBarHash": "3ec7237-100",
          "derivationId": "fib:mid_term:1d:100:3ec7237-100",
          "anchors": "2026-06-26|71.94|2026-09-22|80.76|up_swing"
        },
        "long": {
          "horizon": "long",
          "status": "available",
          "sourceTimeframe": "1w",
          "lookbackBars": 104,
          "sourceBarCount": 104,
          "pivotHighCount": 13,
          "pivotLowCount": 14,
          "swingHigh": 139.41000366210938,
          "swingHighDate": "2025-10-31",
          "swingLow": 77.25,
          "swingLowDate": "2026-09-11",
          "swingDirection": "down_swing",
          "fallbackUsed": false,
          "fallbackReason": null,
          "sourceObjectId": "fib:long_term:1w:bd90c6c4-104",
          "sourceBarHash": "bd90c6c4-104",
          "derivationId": "fib:long_term:1w:104:bd90c6c4-104",
          "anchors": "2026-09-11|77.25|2025-10-31|139.41|down_swing"
        }
      },
      "duplicate": {
        "sameShortMid": false,
        "sameMidLong": false,
        "sameAll": false,
        "independentlyDerived": true,
        "sharedObject": false,
        "sameAnchorsExplanation": null
      }
    },
    "TSM": {
      "status": "available",
      "price": 459.2,
      "horizons": {
        "short": {
          "horizon": "short",
          "status": "available",
          "sourceTimeframe": "4h",
          "lookbackBars": 80,
          "sourceBarCount": 80,
          "pivotHighCount": 8,
          "pivotLowCount": 8,
          "swingHigh": 461.8699951171875,
          "swingHighDate": "2026-09-30",
          "swingLow": 405.1499938964844,
          "swingLowDate": "2026-08-24",
          "swingDirection": "up_swing",
          "fallbackUsed": false,
          "fallbackReason": null,
          "sourceObjectId": "fib:short_term:4h:fec38460-80",
          "sourceBarHash": "fec38460-80",
          "derivationId": "fib:short_term:4h:80:fec38460-80",
          "anchors": "2026-08-24|405.15|2026-09-30|461.87|up_swing"
        },
        "mid": {
          "horizon": "mid",
          "status": "available",
          "sourceTimeframe": "1d",
          "lookbackBars": 100,
          "sourceBarCount": 100,
          "pivotHighCount": 7,
          "pivotLowCount": 8,
          "swingHigh": 479,
          "swingHighDate": "2026-06-30",
          "swingLow": 412.54998779296875,
          "swingLowDate": "2026-09-15",
          "swingDirection": "down_swing",
          "fallbackUsed": false,
          "fallbackReason": null,
          "sourceObjectId": "fib:mid_term:1d:5ba087d2-100",
          "sourceBarHash": "5ba087d2-100",
          "derivationId": "fib:mid_term:1d:100:5ba087d2-100",
          "anchors": "2026-09-15|412.55|2026-06-30|479|down_swing"
        },
        "long": {
          "horizon": "long",
          "status": "available",
          "sourceTimeframe": "1w",
          "lookbackBars": 104,
          "sourceBarCount": 104,
          "pivotHighCount": 14,
          "pivotLowCount": 12,
          "swingHigh": 479,
          "swingHighDate": "2026-07-02",
          "swingLow": 405.1499938964844,
          "swingLowDate": "2026-08-28",
          "swingDirection": "down_swing",
          "fallbackUsed": false,
          "fallbackReason": null,
          "sourceObjectId": "fib:long_term:1w:184bfd81-104",
          "sourceBarHash": "184bfd81-104",
          "derivationId": "fib:long_term:1w:104:184bfd81-104",
          "anchors": "2026-08-28|405.15|2026-07-02|479|down_swing"
        }
      },
      "duplicate": {
        "sameShortMid": false,
        "sameMidLong": false,
        "sameAll": false,
        "independentlyDerived": true,
        "sharedObject": false,
        "sameAnchorsExplanation": null
      }
    }
  },
  "sourceCounts": {
    "short:4h": 29,
    "mid:1d": 29,
    "long:1w": 27,
    "long:1d:fallback": 2
  },
  "duplicateSummary": {
    "sameShortMid": 0,
    "sameMidLong": 0,
    "sameAll": 0,
    "sharedObjectViolations": 0,
    "rows": []
  }
}
