Company Profile V2.1.1 audit (active-watchlist cache/persistence only; zero provider requests)
Canonical active watchlist (29): NVDA, AMD, BABA, GOOGL, AMZN, AAPL, CRCL, MPT, META, MSFT, NFLX, PLTR, NOW, SOFI, XE, ZETA, SPCX, MU, ORCL, TEM, GEV, TQQQ, SPMO, SOXL, QQQ, UNH, TSLA, PDD, TSM
Ticker | Type | V2 primary/business/risk/lifecycle | V2.1 primary/business/risk/lifecycle | Size | Status | Sufficiency | Applied visible modifiers
----------------------------------------------------------------------------------------------------------------------------------------------------------------------------------------------------------------------------
NVDA | stock | V2 baseline unavailable | Semiconductors / HighGrowth / HighVolatility / EstablishedLeader | MegaCap | complete | primaryClassification:sufficient, businessTrait:sufficient, riskTrait:sufficient, lifecycle:sufficient, sizeClass:sufficient | Semiconductors, HighGrowth, HighVolatility, EstablishedLeader
AMD | stock | V2 baseline unavailable | Semiconductors / HighGrowth / HighVolatility / EstablishedLeader | MegaCap | complete | primaryClassification:sufficient, businessTrait:sufficient, riskTrait:sufficient, lifecycle:sufficient, sizeClass:sufficient | Semiconductors, HighGrowth, HighVolatility, EstablishedLeader
BABA | stock | V2 baseline unavailable | E-Commerce / MatureGrowth / MacroSensitive / — | MegaCap | incomplete | primaryClassification:sufficient, businessTrait:sufficient, riskTrait:sufficient, lifecycle:insufficient, sizeClass:sufficient | E-Commerce, MatureGrowth, MacroSensitive
GOOGL | stock | V2 baseline unavailable | Internet Platforms / CashCow / — / EstablishedLeader | MegaCap | incomplete | primaryClassification:sufficient, businessTrait:sufficient, riskTrait:insufficient, lifecycle:sufficient, sizeClass:sufficient | Internet Platforms, CashCow, EstablishedLeader
AMZN | stock | V2 baseline unavailable | E-Commerce / MarketLeader / MacroSensitive / EstablishedLeader | MegaCap | complete | primaryClassification:sufficient, businessTrait:sufficient, riskTrait:sufficient, lifecycle:sufficient, sizeClass:sufficient | E-Commerce, MarketLeader, MacroSensitive, EstablishedLeader
AAPL | stock | V2 baseline unavailable | Consumer Technology / CashCow / — / EstablishedLeader | MegaCap | incomplete | primaryClassification:sufficient, businessTrait:sufficient, riskTrait:insufficient, lifecycle:sufficient, sizeClass:sufficient | Consumer Technology, CashCow, EstablishedLeader
CRCL | stock | V2 baseline unavailable | Capital Markets / MatureGrowth / InterestRateSensitive / — | NonMegaCap | incomplete | primaryClassification:sufficient, businessTrait:sufficient, riskTrait:sufficient, lifecycle:insufficient, sizeClass:sufficient | Capital Markets, MatureGrowth, InterestRateSensitive
MPT | stock | V2 baseline unavailable | Real Estate / — / InterestRateSensitive / — | NonMegaCap | incomplete | primaryClassification:sufficient, businessTrait:insufficient, riskTrait:sufficient, lifecycle:insufficient, sizeClass:sufficient | Real Estate, InterestRateSensitive
META | stock | V2 baseline unavailable | Internet Platforms / HighGrowth / — / EstablishedLeader | MegaCap | incomplete | primaryClassification:sufficient, businessTrait:sufficient, riskTrait:insufficient, lifecycle:sufficient, sizeClass:sufficient | Internet Platforms, HighGrowth, EstablishedLeader
MSFT | stock | V2 baseline unavailable | Enterprise Software / CashCow / — / EstablishedLeader | MegaCap | incomplete | primaryClassification:sufficient, businessTrait:sufficient, riskTrait:insufficient, lifecycle:sufficient, sizeClass:sufficient | Enterprise Software, CashCow, EstablishedLeader
NFLX | stock | V2 baseline unavailable | Media & Entertainment / CashCow / HighVolatility / EstablishedLeader | MegaCap | complete | primaryClassification:sufficient, businessTrait:sufficient, riskTrait:sufficient, lifecycle:sufficient, sizeClass:sufficient | Media & Entertainment, CashCow, HighVolatility, EstablishedLeader
PLTR | stock | V2 baseline unavailable | Enterprise Software / HighGrowth / HighVolatility / EstablishedLeader | MegaCap | complete | primaryClassification:sufficient, businessTrait:sufficient, riskTrait:sufficient, lifecycle:sufficient, sizeClass:sufficient | Enterprise Software, HighGrowth, HighVolatility, EstablishedLeader
NOW | stock | V2 baseline unavailable | Enterprise Software / HighGrowth / — / Scaling | NonMegaCap | incomplete | primaryClassification:sufficient, businessTrait:sufficient, riskTrait:insufficient, lifecycle:sufficient, sizeClass:sufficient | Enterprise Software, HighGrowth, Scaling
SOFI | stock | V2 baseline unavailable | Digital Financial Services / HighGrowth / MacroSensitive / Scaling | NonMegaCap | complete | primaryClassification:sufficient, businessTrait:sufficient, riskTrait:sufficient, lifecycle:sufficient, sizeClass:sufficient | Digital Financial Services, HighGrowth, MacroSensitive, Scaling
XE | stock | V2 baseline unavailable | Industrials / EmergingGrowth / — / Scaling | NonMegaCap | incomplete | primaryClassification:sufficient, businessTrait:sufficient, riskTrait:insufficient, lifecycle:sufficient, sizeClass:sufficient | Industrials, EmergingGrowth, Scaling
ZETA | stock | V2 baseline unavailable | Enterprise Software / EmergingGrowth / — / Scaling | NonMegaCap | incomplete | primaryClassification:sufficient, businessTrait:sufficient, riskTrait:insufficient, lifecycle:sufficient, sizeClass:sufficient | Enterprise Software, EmergingGrowth, Scaling
SPCX | stock | V2 baseline unavailable | Aerospace & Defense / HighGrowth / — / — | MegaCap | incomplete | primaryClassification:sufficient, businessTrait:sufficient, riskTrait:insufficient, lifecycle:insufficient, sizeClass:sufficient | Aerospace & Defense, HighGrowth
MU | stock | V2 baseline unavailable | Semiconductors / Cyclical / HighVolatility / EstablishedLeader | MegaCap | complete | primaryClassification:sufficient, businessTrait:sufficient, riskTrait:sufficient, lifecycle:sufficient, sizeClass:sufficient | Semiconductors, Cyclical, HighVolatility, EstablishedLeader
ORCL | stock | V2 baseline unavailable | Enterprise Software / HighGrowth / HighVolatility / EstablishedLeader | MegaCap | complete | primaryClassification:sufficient, businessTrait:sufficient, riskTrait:sufficient, lifecycle:sufficient, sizeClass:sufficient | Enterprise Software, HighGrowth, HighVolatility, EstablishedLeader
TEM | stock | V2 baseline unavailable | Enterprise Software / — / RegulatoryRisk / Scaling | NonMegaCap | incomplete | primaryClassification:sufficient, businessTrait:insufficient, riskTrait:sufficient, lifecycle:sufficient, sizeClass:sufficient | Enterprise Software, RegulatoryRisk, Scaling
GEV | stock | V2 baseline unavailable | Industrials / CashCow / — / EstablishedLeader | MegaCap | incomplete | primaryClassification:sufficient, businessTrait:sufficient, riskTrait:insufficient, lifecycle:sufficient, sizeClass:sufficient | Industrials, CashCow, EstablishedLeader
TQQQ | ETF | — | ETF isolated | — | ETF | — | —
SPMO | ETF | — | ETF isolated | — | ETF | — | —
SOXL | ETF | — | ETF isolated | — | ETF | — | —
QQQ | ETF | — | ETF isolated | — | ETF | — | —
UNH | stock | V2 baseline unavailable | Managed Care & Health Services / — / RegulatoryRisk / — | MegaCap | incomplete | primaryClassification:sufficient, businessTrait:insufficient, riskTrait:sufficient, lifecycle:insufficient, sizeClass:sufficient | Managed Care & Health Services, RegulatoryRisk
TSLA | stock | V2 baseline unavailable | Consumer Discretionary / HighGrowth / MacroSensitive / — | MegaCap | incomplete | primaryClassification:sufficient, businessTrait:sufficient, riskTrait:sufficient, lifecycle:insufficient, sizeClass:sufficient | Consumer Discretionary, HighGrowth, MacroSensitive
PDD | stock | V2 baseline unavailable | E-Commerce / CashCow / MacroSensitive / MatureLeader | NonMegaCap | complete | primaryClassification:sufficient, businessTrait:sufficient, riskTrait:sufficient, lifecycle:sufficient, sizeClass:sufficient | E-Commerce, CashCow, MacroSensitive, MatureLeader
TSM | stock | V2 baseline unavailable | Semiconductors / HighGrowth / — / EstablishedLeader | MegaCap | incomplete | primaryClassification:sufficient, businessTrait:sufficient, riskTrait:insufficient, lifecycle:sufficient, sizeClass:sufficient | Semiconductors, HighGrowth, EstablishedLeader

Aggregate classification:
ordinary stocks=25
Primary: classified=25; null=0; distribution={"Aerospace & Defense":1,"Capital Markets":1,"Consumer Discretionary":1,"Consumer Technology":1,"Digital Financial Services":1,"E-Commerce":3,"Enterprise Software":6,"Industrials":2,"Internet Platforms":2,"Managed Care & Health Services":1,"Media & Entertainment":1,"Real Estate":1,"Semiconductors":4}
Business: classified=22; null=3; distribution={"CashCow":6,"Cyclical":1,"EmergingGrowth":2,"HighGrowth":10,"MarketLeader":1,"MatureGrowth":2}
Risk: classified=15; null=10; distribution={"HighVolatility":6,"InterestRateSensitive":2,"MacroSensitive":5,"RegulatoryRisk":2}
Lifecycle: classified=19; null=6; distribution={"EstablishedLeader":13,"MatureLeader":1,"Scaling":5}
Profile status: {"complete":9,"incomplete":16,"unavailable":0}
Size class: {"MegaCap":17,"NonMegaCap":8,"unclassified":0}
Distribution note: descriptive only; this audit never evaluates category correctness by count.
Semantic warnings: BABA: data insufficient for lifecycle | GOOGL: data insufficient for riskTrait | AAPL: data insufficient for riskTrait | CRCL: data insufficient for lifecycle | MPT: data insufficient for businessTrait, lifecycle | META: data insufficient for riskTrait | MSFT: data insufficient for riskTrait | NOW: data insufficient for riskTrait | XE: data insufficient for riskTrait | ZETA: data insufficient for riskTrait | SPCX: data insufficient for riskTrait, lifecycle | TEM: data insufficient for businessTrait | GEV: data insufficient for riskTrait | UNH: data insufficient for businessTrait, lifecycle | TSLA: data insufficient for lifecycle | TSM: data insufficient for riskTrait
Notes: V2 comparison is available only while the current Git HEAD still contains the V2 classifier. This audit never writes profiles, cache files, or decisions.
