{
  "scope": "supplied saved snapshots only; no independent raw OHLCV or live Render access",
  "input": {
    "file": "decision-history-all.csv",
    "sha256": "fa335c2ab51dd1535dd6ab65295389088df64825e9daef0b81662ca4e7d52033",
    "bytes": 84595206
  },
  "rows": 2820,
  "horizons": {
    "long": 940,
    "mid": 940,
    "short": 940
  },
  "symbols": 37,
  "dates": 28,
  "period": [
    "2026-08-18",
    "2026-09-25"
  ],
  "duplicate_keys": 0,
  "cross_horizon_price_mismatch": 0,
  "issues": {
    "invalid_range": 7
  },
  "sample_issues": [
    {
      "kind": "invalid_range",
      "ticker": "FFAI",
      "date": "2026-08-18",
      "horizon": "short",
      "detail": "opportunity"
    },
    {
      "kind": "invalid_range",
      "ticker": "FFAI",
      "date": "2026-08-19",
      "horizon": "mid",
      "detail": "opportunity"
    },
    {
      "kind": "invalid_range",
      "ticker": "FFAI",
      "date": "2026-08-20",
      "horizon": "mid",
      "detail": "opportunity"
    },
    {
      "kind": "invalid_range",
      "ticker": "FFAI",
      "date": "2026-08-21",
      "horizon": "mid",
      "detail": "opportunity"
    },
    {
      "kind": "invalid_range",
      "ticker": "FFAI",
      "date": "2026-08-24",
      "horizon": "mid",
      "detail": "opportunity"
    },
    {
      "kind": "invalid_range",
      "ticker": "FFAI",
      "date": "2026-08-25",
      "horizon": "mid",
      "detail": "opportunity"
    },
    {
      "kind": "invalid_range",
      "ticker": "FFAI",
      "date": "2026-08-26",
      "horizon": "mid",
      "detail": "opportunity"
    }
  ],
  "indicator_internal_identities": {
    "macd_histogram_checked": 4644,
    "kdj_j_checked": 2820
  },
  "feature_availability": {
    "long / partial": 940,
    "mid / available": 892,
    "short / partial": 940,
    "mid / partial": 48
  },
  "source_bar_counts": {
    "long / 1h": {
      "observations": 940,
      "min": 320.0,
      "max": 840.0
    },
    "long / 4h": {
      "observations": 940,
      "min": 92.0,
      "max": 240.0
    },
    "long / 1d": {
      "observations": 940,
      "min": 46.0,
      "max": 502.0
    },
    "long / 1w": {
      "observations": 940,
      "min": 10.0,
      "max": 105.0
    },
    "mid / 1h": {
      "observations": 940,
      "min": 320.0,
      "max": 840.0
    },
    "mid / 4h": {
      "observations": 940,
      "min": 92.0,
      "max": 240.0
    },
    "mid / 1d": {
      "observations": 940,
      "min": 46.0,
      "max": 502.0
    },
    "mid / 1w": {
      "observations": 940,
      "min": 10.0,
      "max": 105.0
    },
    "short / 1h": {
      "observations": 940,
      "min": 320.0,
      "max": 840.0
    },
    "short / 4h": {
      "observations": 940,
      "min": 92.0,
      "max": 240.0
    },
    "short / 1d": {
      "observations": 940,
      "min": 46.0,
      "max": 502.0
    },
    "short / 1w": {
      "observations": 940,
      "min": 10.0,
      "max": 105.0
    }
  },
  "atr": {
    "long / atr_14_1w": {
      "records": 940,
      "raw_available": 923,
      "bar_counts": {
        "10": 3,
        "104": 666,
        "105": 183,
        "11": 5,
        "12": 5,
        "13": 4,
        "14": 5,
        "15": 5,
        "16": 1,
        "17": 3,
        "18": 5,
        "19": 5,
        "20": 4,
        "21": 5,
        "22": 5,
        "23": 1,
        "63": 3,
        "64": 5,
        "65": 5,
        "66": 4,
        "67": 5,
        "68": 5,
        "69": 1,
        "77": 1,
        "78": 5,
        "79": 1
      },
      "windows": {
        "60": {
          "available": 856,
          "reason_None": 17,
          "missing": 84,
          "reason_insufficient_history": 67
        },
        "120": {
          "missing": 940,
          "reason_insufficient_history": 923,
          "reason_None": 17
        },
        "250": {
          "missing": 940,
          "reason_insufficient_history": 923,
          "reason_None": 17
        }
      }
    },
    "mid / atr_14_1d": {
      "records": 940,
      "raw_available": 940,
      "bar_counts": {
        "100": 1,
        "101": 1,
        "102": 1,
        "103": 1,
        "104": 1,
        "105": 1,
        "106": 1,
        "107": 1,
        "302": 1,
        "303": 1,
        "304": 1,
        "305": 1,
        "306": 1,
        "307": 1,
        "308": 1,
        "309": 1,
        "310": 2,
        "312": 1,
        "313": 1,
        "314": 1,
        "315": 1,
        "316": 1,
        "317": 1,
        "318": 1,
        "319": 1,
        "320": 1,
        "321": 1,
        "322": 1,
        "323": 1,
        "324": 1,
        "325": 1,
        "326": 1,
        "327": 1,
        "328": 1,
        "329": 1,
        "370": 1,
        "371": 1,
        "372": 1,
        "373": 1,
        "374": 1,
        "375": 1,
        "376": 1,
        "46": 1,
        "47": 1,
        "48": 1,
        "49": 1,
        "499": 30,
        "50": 1,
        "500": 115,
        "501": 620,
        "502": 84,
        "51": 1,
        "52": 1,
        "53": 1,
        "54": 2,
        "56": 1,
        "57": 1,
        "58": 1,
        "59": 1,
        "60": 1,
        "61": 1,
        "62": 1,
        "63": 1,
        "64": 1,
        "65": 1,
        "66": 1,
        "67": 1,
        "68": 1,
        "69": 1,
        "70": 1,
        "71": 1,
        "72": 1,
        "73": 1,
        "80": 1,
        "81": 1,
        "82": 1,
        "83": 1,
        "84": 1,
        "85": 1,
        "86": 1,
        "87": 1,
        "88": 2,
        "90": 1,
        "91": 1,
        "92": 1,
        "93": 1,
        "94": 1,
        "95": 1,
        "96": 1,
        "97": 1,
        "98": 1,
        "99": 1
      },
      "windows": {
        "60": {
          "available": 913,
          "reason_None": 0,
          "missing": 27,
          "reason_insufficient_history": 27
        },
        "120": {
          "available": 884,
          "reason_None": 0,
          "missing": 56,
          "reason_insufficient_history": 56
        },
        "250": {
          "available": 884,
          "reason_None": 0,
          "missing": 56,
          "reason_insufficient_history": 56
        }
      }
    },
    "short / atr_14_4h": {
      "records": 940,
      "raw_available": 940,
      "bar_counts": {
        "100": 1,
        "102": 1,
        "104": 1,
        "106": 1,
        "108": 1,
        "110": 1,
        "112": 1,
        "114": 1,
        "116": 1,
        "118": 1,
        "120": 1,
        "122": 1,
        "124": 1,
        "126": 1,
        "128": 1,
        "130": 1,
        "132": 1,
        "134": 1,
        "136": 1,
        "138": 1,
        "140": 1,
        "142": 1,
        "144": 1,
        "146": 1,
        "160": 1,
        "162": 1,
        "164": 1,
        "166": 1,
        "168": 1,
        "170": 1,
        "172": 1,
        "174": 1,
        "176": 1,
        "178": 1,
        "180": 1,
        "182": 1,
        "184": 1,
        "186": 1,
        "188": 1,
        "190": 1,
        "192": 1,
        "194": 1,
        "196": 1,
        "198": 1,
        "200": 1,
        "202": 1,
        "204": 1,
        "206": 1,
        "208": 1,
        "210": 1,
        "212": 1,
        "214": 1,
        "240": 884,
        "92": 1,
        "94": 1,
        "96": 1,
        "98": 1
      },
      "windows": {
        "60": {
          "available": 940,
          "reason_None": 0
        },
        "120": {
          "available": 919,
          "reason_None": 0,
          "missing": 21,
          "reason_insufficient_history": 21
        },
        "250": {
          "missing": 940,
          "reason_insufficient_history": 940
        }
      }
    }
  },
  "kdj": {
    "mid / kdj_9_1d": {
      "records": 940,
      "numeric_available": 940,
      "overbought_false": 721,
      "oversold_false": 662,
      "oversold_true": 278,
      "j_outside_0_100_valid": 151,
      "overbought_true": 219
    },
    "short / kdj_9_1h": {
      "records": 940,
      "numeric_available": 940,
      "overbought_true": 255,
      "oversold_false": 667,
      "overbought_false": 685,
      "oversold_true": 273,
      "j_outside_0_100_valid": 179
    },
    "short / kdj_9_4h": {
      "records": 940,
      "numeric_available": 940,
      "overbought_true": 261,
      "oversold_false": 631,
      "j_outside_0_100_valid": 216,
      "overbought_false": 679,
      "oversold_true": 309
    }
  },
  "limitations": [
    "Internal agreement does not establish provider accuracy.",
    "Unavailable remains unavailable; no price or missing-bar imputation.",
    "Rows across horizons and dates are dependent snapshots."
  ]
}
