{"count": 29, "peak_rss_bytes": 856162304, "phases": {"continuous_refresh": {"peak_rss_bytes": 382533632, "samples": 97}, "eod_with_access": {"peak_rss_bytes": 856162304, "samples": 54}, "full_refresh": {"peak_rss_bytes": 354271232, "samples": 17}, "idle": {"peak_rss_bytes": 120127488, "samples": 6}, "startup": {"peak_rss_bytes": 119603200, "samples": 10}, "timeout_residual": {"peak_rss_bytes": 383107072, "samples": 17}}, "live_render_verified": false}
te/tmp/stock-final-baseline/server.py", line 4214, in read_json_cache_file
    return json.load(handle)
  File "/Library/Frameworks/Python.framework/Versions/3.10/lib/python3.10/json/__init__.py", line 293, in load
    return loads(fp.read(),
  File "/Library/Frameworks/Python.framework/Versions/3.10/lib/python3.10/json/__init__.py", line 346, in loads
    return _default_decoder.decode(s)
  File "/Library/Frameworks/Python.framework/Versions/3.10/lib/python3.10/json/decoder.py", line 337, in decode
    obj, end = self.raw_decode(s, idx=_w(s, 0).end())
  File "/Library/Frameworks/Python.framework/Versions/3.10/lib/python3.10/json/decoder.py", line 353, in raw_decode
    obj, end = self.scan_once(s, idx)
json.decoder.JSONDecodeError: Expecting ',' delimiter: line 1 column 212801 (char 212800)
[2026-10-01 22:13:43 -0400] [18587] [INFO] Handling signal: term
[2026-10-01 22:13:43 -0400] [18590] [INFO] Worker exiting (pid: 18590)
[EOD HISTORY] started 2026-10-01 16:30 ET (isolated_memory_audit)
[EOD HISTORY] full refresh complete
[EOD HISTORY] 29 tickers / 87 horizon rows
[EOD HISTORY] 0 unavailable
[EOD HISTORY] database commit success
[EOD HISTORY] db size 2.387 MB
[EOD HISTORY] completed
[2026-10-01 22:13:43 -0400] [18587] [INFO] Shutting down: Master
